2026-09-02T20:50:40.5845810-05:00  [INF] DocumentManager initialized with shared Analyzer (system assemblies loaded) (36ec1433)
2026-09-02T20:50:41.0937270-05:00  [INF] N# Language Server initialized (bc2de953)
2026-09-02T20:50:41.0941230-05:00  [INF] Client: "Visual Studio Code" "1.136.0" (76fb3e8a)
2026-09-02T20:50:41.1283010-05:00  [INF] Scanning workspace for .nl files: "/tmp/nsharp-ide-verify/examples/12-multi-file-projects/WeatherDemo" (62c60a32)
2026-09-02T20:50:41.1346050-05:00  [INF] Updating document: "file:///tmp/nsharp-ide-verify/examples/12-multi-file-projects/WeatherDemo/Program.nl" (version 0) (c053146b)
2026-09-02T20:50:41.2361550-05:00  [INF] Loading assemblies for new project directory: "/tmp/nsharp-ide-verify/examples/12-multi-file-projects/WeatherDemo" (06d8673e)
2026-09-02T20:50:41.4370820-05:00  [INF] Document updated successfully with 0 diagnostics (0 parse errors) (e67c2ea2)
2026-09-02T20:50:41.4373490-05:00  [INF] Updating document: "file:///tmp/nsharp-ide-verify/examples/12-multi-file-projects/WeatherDemo/RawProbe.nl" (version 0) (c053146b)
2026-09-02T20:50:41.4444840-05:00  [INF] Document updated successfully with 0 diagnostics (0 parse errors) (e67c2ea2)
2026-09-02T20:50:41.4446870-05:00  [INF] Updating document: "file:///tmp/nsharp-ide-verify/examples/12-multi-file-projects/WeatherDemo/FormatProbe.nl" (version 0) (c053146b)
2026-09-02T20:50:41.5166040-05:00  [INF] Document updated successfully with 0 diagnostics (0 parse errors) (e67c2ea2)
2026-09-02T20:50:41.5170310-05:00  [INF] Updating document: "file:///tmp/nsharp-ide-verify/examples/12-multi-file-projects/WeatherDemo/Models/WeatherForecast.nl" (version 0) (c053146b)
2026-09-02T20:50:41.5177590-05:00  [INF] Loading assemblies for new project directory: "/tmp/nsharp-ide-verify/examples/12-multi-file-projects/WeatherDemo/Models" (06d8673e)
2026-09-02T20:50:41.5234210-05:00  [INF] Document updated successfully with 0 diagnostics (0 parse errors) (e67c2ea2)
2026-09-02T20:50:41.5239660-05:00  [INF] Updating document: "file:///tmp/nsharp-ide-verify/examples/12-multi-file-projects/WeatherDemo/Services/WeatherService.nl" (version 0) (c053146b)
2026-09-02T20:50:41.5255730-05:00  [INF] Loading assemblies for new project directory: "/tmp/nsharp-ide-verify/examples/12-multi-file-projects/WeatherDemo/Services" (06d8673e)
2026-09-02T20:50:41.6898900-05:00  [INF] Document updated successfully with 12 diagnostics (0 parse errors) (e67c2ea2)
2026-09-02T20:50:41.6900020-05:00  [INF] Workspace scan loaded 5 .nl files from "/tmp/nsharp-ide-verify/examples/12-multi-file-projects/WeatherDemo" (fe82df23)
2026-09-02T20:50:41.8738660-05:00  [WRN] Tried to send request or notification before initialization was completed and will be sent later OutgoingNotification { Method: "textDocument/publishDiagnostics", Params: PublishDiagnosticsParams { Uri: DocumentUri { Scheme: "file", Authority: "", Path: "/tmp/nsharp-ide-verify/examples/12-multi-file-projects/WeatherDemo/FormatProbe.nl", Query: "", Fragment: "" }, Version: null, Diagnostics: [] }, TraceParent: null, TraceState: null } (829f99bc)
2026-09-02T20:50:41.8758850-05:00  [WRN] Tried to send request or notification before initialization was completed and will be sent later OutgoingNotification { Method: "textDocument/publishDiagnostics", Params: PublishDiagnosticsParams { Uri: DocumentUri { Scheme: "file", Authority: "", Path: "/tmp/nsharp-ide-verify/examples/12-multi-file-projects/WeatherDemo/Models/WeatherForecast.nl", Query: "", Fragment: "" }, Version: null, Diagnostics: [] }, TraceParent: null, TraceState: null } (829f99bc)
2026-09-02T20:50:41.8761440-05:00  [WRN] Tried to send request or notification before initialization was completed and will be sent later OutgoingNotification { Method: "textDocument/publishDiagnostics", Params: PublishDiagnosticsParams { Uri: DocumentUri { Scheme: "file", Authority: "", Path: "/tmp/nsharp-ide-verify/examples/12-multi-file-projects/WeatherDemo/Program.nl", Query: "", Fragment: "" }, Version: null, Diagnostics: [] }, TraceParent: null, TraceState: null } (829f99bc)
2026-09-02T20:50:41.8763250-05:00  [WRN] Tried to send request or notification before initialization was completed and will be sent later OutgoingNotification { Method: "textDocument/publishDiagnostics", Params: PublishDiagnosticsParams { Uri: DocumentUri { Scheme: "file", Authority: "", Path: "/tmp/nsharp-ide-verify/examples/12-multi-file-projects/WeatherDemo/RawProbe.nl", Query: "", Fragment: "" }, Version: null, Diagnostics: [] }, TraceParent: null, TraceState: null } (829f99bc)
2026-09-02T20:50:41.8764620-05:00  [WRN] Tried to send request or notification before initialization was completed and will be sent later OutgoingNotification { Method: "textDocument/publishDiagnostics", Params: PublishDiagnosticsParams { Uri: DocumentUri { Scheme: "file", Authority: "", Path: "/tmp/nsharp-ide-verify/examples/12-multi-file-projects/WeatherDemo/Services/WeatherService.nl", Query: "", Fragment: "" }, Version: null, Diagnostics: [] }, TraceParent: null, TraceState: null } (829f99bc)
2026-09-02T20:50:41.8771420-05:00  [WRN] Tried to send request or notification before initialization was completed and will be sent later OutgoingNotification { Method: "textDocument/publishDiagnostics", Params: PublishDiagnosticsParams { Uri: DocumentUri { Scheme: "file", Authority: "", Path: "/tmp/nsharp-ide-verify/examples/12-multi-file-projects/WeatherDemo/FormatProbe.nl", Query: "", Fragment: "" }, Version: null, Diagnostics: [] }, TraceParent: null, TraceState: null } (829f99bc)
2026-09-02T20:50:41.8772100-05:00  [WRN] Tried to send request or notification before initialization was completed and will be sent later OutgoingNotification { Method: "textDocument/publishDiagnostics", Params: PublishDiagnosticsParams { Uri: DocumentUri { Scheme: "file", Authority: "", Path: "/tmp/nsharp-ide-verify/examples/12-multi-file-projects/WeatherDemo/Models/WeatherForecast.nl", Query: "", Fragment: "" }, Version: null, Diagnostics: [] }, TraceParent: null, TraceState: null } (829f99bc)
2026-09-02T20:50:41.8772580-05:00  [WRN] Tried to send request or notification before initialization was completed and will be sent later OutgoingNotification { Method: "textDocument/publishDiagnostics", Params: PublishDiagnosticsParams { Uri: DocumentUri { Scheme: "file", Authority: "", Path: "/tmp/nsharp-ide-verify/examples/12-multi-file-projects/WeatherDemo/Program.nl", Query: "", Fragment: "" }, Version: null, Diagnostics: [] }, TraceParent: null, TraceState: null } (829f99bc)
2026-09-02T20:50:41.8773060-05:00  [WRN] Tried to send request or notification before initialization was completed and will be sent later OutgoingNotification { Method: "textDocument/publishDiagnostics", Params: PublishDiagnosticsParams { Uri: DocumentUri { Scheme: "file", Authority: "", Path: "/tmp/nsharp-ide-verify/examples/12-multi-file-projects/WeatherDemo/RawProbe.nl", Query: "", Fragment: "" }, Version: null, Diagnostics: [] }, TraceParent: null, TraceState: null } (829f99bc)
2026-09-02T20:50:41.8773520-05:00  [WRN] Tried to send request or notification before initialization was completed and will be sent later OutgoingNotification { Method: "textDocument/publishDiagnostics", Params: PublishDiagnosticsParams { Uri: DocumentUri { Scheme: "file", Authority: "", Path: "/tmp/nsharp-ide-verify/examples/12-multi-file-projects/WeatherDemo/Services/WeatherService.nl", Query: "", Fragment: "" }, Version: null, Diagnostics: [] }, TraceParent: null, TraceState: null } (829f99bc)
2026-09-02T20:50:41.8776870-05:00  [WRN] Tried to send request or notification before initialization was completed and will be sent later OutgoingNotification { Method: "textDocument/publishDiagnostics", Params: PublishDiagnosticsParams { Uri: DocumentUri { Scheme: "file", Authority: "", Path: "/tmp/nsharp-ide-verify/examples/12-multi-file-projects/WeatherDemo/FormatProbe.nl", Query: "", Fragment: "" }, Version: null, Diagnostics: [] }, TraceParent: null, TraceState: null } (829f99bc)
2026-09-02T20:50:41.8777400-05:00  [WRN] Tried to send request or notification before initialization was completed and will be sent later OutgoingNotification { Method: "textDocument/publishDiagnostics", Params: PublishDiagnosticsParams { Uri: DocumentUri { Scheme: "file", Authority: "", Path: "/tmp/nsharp-ide-verify/examples/12-multi-file-projects/WeatherDemo/Models/WeatherForecast.nl", Query: "", Fragment: "" }, Version: null, Diagnostics: [] }, TraceParent: null, TraceState: null } (829f99bc)
2026-09-02T20:50:41.8777860-05:00  [WRN] Tried to send request or notification before initialization was completed and will be sent later OutgoingNotification { Method: "textDocument/publishDiagnostics", Params: PublishDiagnosticsParams { Uri: DocumentUri { Scheme: "file", Authority: "", Path: "/tmp/nsharp-ide-verify/examples/12-multi-file-projects/WeatherDemo/Program.nl", Query: "", Fragment: "" }, Version: null, Diagnostics: [] }, TraceParent: null, TraceState: null } (829f99bc)
2026-09-02T20:50:41.8778300-05:00  [WRN] Tried to send request or notification before initialization was completed and will be sent later OutgoingNotification { Method: "textDocument/publishDiagnostics", Params: PublishDiagnosticsParams { Uri: DocumentUri { Scheme: "file", Authority: "", Path: "/tmp/nsharp-ide-verify/examples/12-multi-file-projects/WeatherDemo/RawProbe.nl", Query: "", Fragment: "" }, Version: null, Diagnostics: [] }, TraceParent: null, TraceState: null } (829f99bc)
2026-09-02T20:50:41.8778710-05:00  [WRN] Tried to send request or notification before initialization was completed and will be sent later OutgoingNotification { Method: "textDocument/publishDiagnostics", Params: PublishDiagnosticsParams { Uri: DocumentUri { Scheme: "file", Authority: "", Path: "/tmp/nsharp-ide-verify/examples/12-multi-file-projects/WeatherDemo/Services/WeatherService.nl", Query: "", Fragment: "" }, Version: null, Diagnostics: [] }, TraceParent: null, TraceState: null } (829f99bc)
2026-09-02T20:50:41.8781030-05:00  [WRN] Tried to send request or notification before initialization was completed and will be sent later OutgoingNotification { Method: "textDocument/publishDiagnostics", Params: PublishDiagnosticsParams { Uri: DocumentUri { Scheme: "file", Authority: "", Path: "/tmp/nsharp-ide-verify/examples/12-multi-file-projects/WeatherDemo/FormatProbe.nl", Query: "", Fragment: "" }, Version: null, Diagnostics: [] }, TraceParent: null, TraceState: null } (829f99bc)
2026-09-02T20:50:41.8781460-05:00  [WRN] Tried to send request or notification before initialization was completed and will be sent later OutgoingNotification { Method: "textDocument/publishDiagnostics", Params: PublishDiagnosticsParams { Uri: DocumentUri { Scheme: "file", Authority: "", Path: "/tmp/nsharp-ide-verify/examples/12-multi-file-projects/WeatherDemo/Models/WeatherForecast.nl", Query: "", Fragment: "" }, Version: null, Diagnostics: [] }, TraceParent: null, TraceState: null } (829f99bc)
2026-09-02T20:50:41.8781830-05:00  [WRN] Tried to send request or notification before initialization was completed and will be sent later OutgoingNotification { Method: "textDocument/publishDiagnostics", Params: PublishDiagnosticsParams { Uri: DocumentUri { Scheme: "file", Authority: "", Path: "/tmp/nsharp-ide-verify/examples/12-multi-file-projects/WeatherDemo/Program.nl", Query: "", Fragment: "" }, Version: null, Diagnostics: [] }, TraceParent: null, TraceState: null } (829f99bc)
2026-09-02T20:50:41.8782200-05:00  [WRN] Tried to send request or notification before initialization was completed and will be sent later OutgoingNotification { Method: "textDocument/publishDiagnostics", Params: PublishDiagnosticsParams { Uri: DocumentUri { Scheme: "file", Authority: "", Path: "/tmp/nsharp-ide-verify/examples/12-multi-file-projects/WeatherDemo/RawProbe.nl", Query: "", Fragment: "" }, Version: null, Diagnostics: [] }, TraceParent: null, TraceState: null } (829f99bc)
2026-09-02T20:50:41.8782610-05:00  [WRN] Tried to send request or notification before initialization was completed and will be sent later OutgoingNotification { Method: "textDocument/publishDiagnostics", Params: PublishDiagnosticsParams { Uri: DocumentUri { Scheme: "file", Authority: "", Path: "/tmp/nsharp-ide-verify/examples/12-multi-file-projects/WeatherDemo/Services/WeatherService.nl", Query: "", Fragment: "" }, Version: null, Diagnostics: [] }, TraceParent: null, TraceState: null } (829f99bc)
2026-09-02T20:50:41.8784940-05:00  [WRN] Tried to send request or notification before initialization was completed and will be sent later OutgoingNotification { Method: "textDocument/publishDiagnostics", Params: PublishDiagnosticsParams { Uri: DocumentUri { Scheme: "file", Authority: "", Path: "/tmp/nsharp-ide-verify/examples/12-multi-file-projects/WeatherDemo/FormatProbe.nl", Query: "", Fragment: "" }, Version: null, Diagnostics: [] }, TraceParent: null, TraceState: null } (829f99bc)
2026-09-02T20:50:41.8785500-05:00  [WRN] Tried to send request or notification before initialization was completed and will be sent later OutgoingNotification { Method: "textDocument/publishDiagnostics", Params: PublishDiagnosticsParams { Uri: DocumentUri { Scheme: "file", Authority: "", Path: "/tmp/nsharp-ide-verify/examples/12-multi-file-projects/WeatherDemo/Models/WeatherForecast.nl", Query: "", Fragment: "" }, Version: null, Diagnostics: [] }, TraceParent: null, TraceState: null } (829f99bc)
2026-09-02T20:50:41.8785940-05:00  [WRN] Tried to send request or notification before initialization was completed and will be sent later OutgoingNotification { Method: "textDocument/publishDiagnostics", Params: PublishDiagnosticsParams { Uri: DocumentUri { Scheme: "file", Authority: "", Path: "/tmp/nsharp-ide-verify/examples/12-multi-file-projects/WeatherDemo/Program.nl", Query: "", Fragment: "" }, Version: null, Diagnostics: [] }, TraceParent: null, TraceState: null } (829f99bc)
2026-09-02T20:50:41.8786310-05:00  [WRN] Tried to send request or notification before initialization was completed and will be sent later OutgoingNotification { Method: "textDocument/publishDiagnostics", Params: PublishDiagnosticsParams { Uri: DocumentUri { Scheme: "file", Authority: "", Path: "/tmp/nsharp-ide-verify/examples/12-multi-file-projects/WeatherDemo/RawProbe.nl", Query: "", Fragment: "" }, Version: null, Diagnostics: [] }, TraceParent: null, TraceState: null } (829f99bc)
2026-09-02T20:50:41.8786670-05:00  [WRN] Tried to send request or notification before initialization was completed and will be sent later OutgoingNotification { Method: "textDocument/publishDiagnostics", Params: PublishDiagnosticsParams { Uri: DocumentUri { Scheme: "file", Authority: "", Path: "/tmp/nsharp-ide-verify/examples/12-multi-file-projects/WeatherDemo/Services/WeatherService.nl", Query: "", Fragment: "" }, Version: null, Diagnostics: [] }, TraceParent: null, TraceState: null } (829f99bc)
2026-09-02T20:50:41.8787090-05:00  [INF] Published workspace diagnostics for 5 files (2e239605)
2026-09-02T20:50:41.9872550-05:00  [WRN] No ConfigurationItems have been defined, configuration won't surface any configuration from the client! (60a934b9)
2026-09-02T20:50:42.0051740-05:00  [INF] Document opened: "file:///tmp/nsharp-ide-verify/examples/12-multi-file-projects/WeatherDemo/Program.nl" (ec704f34)
2026-09-02T20:50:42.0052820-05:00  [INF] Updating document: "file:///tmp/nsharp-ide-verify/examples/12-multi-file-projects/WeatherDemo/Program.nl" (version 1) (c053146b)
2026-09-02T20:50:42.0182960-05:00  [INF] Document updated successfully with 0 diagnostics (0 parse errors) (e67c2ea2)
2026-09-02T20:50:42.0779360-05:00  [INF] Published 0 diagnostics for "file:///tmp/nsharp-ide-verify/examples/12-multi-file-projects/WeatherDemo/FormatProbe.nl" (98dae7bf)
2026-09-02T20:50:42.0780580-05:00  [INF] Published 0 diagnostics for "file:///tmp/nsharp-ide-verify/examples/12-multi-file-projects/WeatherDemo/Models/WeatherForecast.nl" (98dae7bf)
2026-09-02T20:50:42.0781340-05:00  [INF] Published 0 diagnostics for "file:///tmp/nsharp-ide-verify/examples/12-multi-file-projects/WeatherDemo/Program.nl" (98dae7bf)
2026-09-02T20:50:42.0781960-05:00  [INF] Published 0 diagnostics for "file:///tmp/nsharp-ide-verify/examples/12-multi-file-projects/WeatherDemo/RawProbe.nl" (98dae7bf)
2026-09-02T20:50:42.0782630-05:00  [INF] Published 0 diagnostics for "file:///tmp/nsharp-ide-verify/examples/12-multi-file-projects/WeatherDemo/Services/WeatherService.nl" (98dae7bf)
2026-09-02T20:51:06.5616370-05:00  [INF] Document opened: "file:///tmp/nsharp-ide-verify/examples/12-multi-file-projects/WeatherDemo/FormatProbe.nl" (ec704f34)
2026-09-02T20:51:06.5617180-05:00  [INF] Updating document: "file:///tmp/nsharp-ide-verify/examples/12-multi-file-projects/WeatherDemo/FormatProbe.nl" (version 1) (c053146b)
2026-09-02T20:51:06.5711010-05:00  [INF] Document updated successfully with 0 diagnostics (0 parse errors) (e67c2ea2)
2026-09-02T20:51:06.6356430-05:00  [INF] Published 0 diagnostics for "file:///tmp/nsharp-ide-verify/examples/12-multi-file-projects/WeatherDemo/FormatProbe.nl" (98dae7bf)
2026-09-02T20:51:06.6357510-05:00  [INF] Published 0 diagnostics for "file:///tmp/nsharp-ide-verify/examples/12-multi-file-projects/WeatherDemo/Models/WeatherForecast.nl" (98dae7bf)
2026-09-02T20:51:06.6358090-05:00  [INF] Published 0 diagnostics for "file:///tmp/nsharp-ide-verify/examples/12-multi-file-projects/WeatherDemo/Program.nl" (98dae7bf)
2026-09-02T20:51:06.6358670-05:00  [INF] Published 0 diagnostics for "file:///tmp/nsharp-ide-verify/examples/12-multi-file-projects/WeatherDemo/RawProbe.nl" (98dae7bf)
2026-09-02T20:51:06.6359130-05:00  [INF] Published 0 diagnostics for "file:///tmp/nsharp-ide-verify/examples/12-multi-file-projects/WeatherDemo/Services/WeatherService.nl" (98dae7bf)
2026-09-02T20:51:06.6436230-05:00  [INF] Code action requested for "file:///tmp/nsharp-ide-verify/examples/12-multi-file-projects/WeatherDemo/FormatProbe.nl" at "[start: (0, 0), end: (0, 0)]" (cf91c2c6)
2026-09-02T20:51:06.6437610-05:00  [INF] Found 0 diagnostics at location (bad383c2)
2026-09-02T20:51:06.6437760-05:00  [INF] No code actions available (565d08ea)
2026-09-02T20:51:07.8654490-05:00  [INF] File watcher event: Changed "/tmp/nsharp-ide-verify/examples/12-multi-file-projects/WeatherDemo/FormatProbe.nl" (2a46ac63)
2026-09-02T20:51:07.8658130-05:00  [INF] File watcher event: Changed "/tmp/nsharp-ide-verify/examples/12-multi-file-projects/WeatherDemo/FormatProbe.nl" (2a46ac63)
2026-09-02T20:51:07.8658540-05:00  [INF] File watcher event: Changed "/tmp/nsharp-ide-verify/examples/12-multi-file-projects/WeatherDemo/FormatProbe.nl" (2a46ac63)
2026-09-02T20:51:07.8658930-05:00  [INF] File watcher event: Changed "/tmp/nsharp-ide-verify/examples/12-multi-file-projects/WeatherDemo/FormatProbe.nl" (2a46ac63)
2026-09-02T20:51:14.4917840-05:00  [INF] Formatted document "file:///tmp/nsharp-ide-verify/examples/12-multi-file-projects/WeatherDemo/FormatProbe.nl" (32b0e3ef)
2026-09-02T20:51:14.5260620-05:00  [INF] Updating document: "file:///tmp/nsharp-ide-verify/examples/12-multi-file-projects/WeatherDemo/FormatProbe.nl" (version 2) (c053146b)
2026-09-02T20:51:14.5497970-05:00  [INF] Document updated successfully with 0 diagnostics (0 parse errors) (e67c2ea2)
2026-09-02T20:51:14.5993670-05:00  [INF] Published 0 diagnostics for "file:///tmp/nsharp-ide-verify/examples/12-multi-file-projects/WeatherDemo/FormatProbe.nl" (98dae7bf)
2026-09-02T20:51:14.5994850-05:00  [INF] Published 0 diagnostics for "file:///tmp/nsharp-ide-verify/examples/12-multi-file-projects/WeatherDemo/Models/WeatherForecast.nl" (98dae7bf)
2026-09-02T20:51:14.5995360-05:00  [INF] Published 0 diagnostics for "file:///tmp/nsharp-ide-verify/examples/12-multi-file-projects/WeatherDemo/Program.nl" (98dae7bf)
2026-09-02T20:51:14.5995720-05:00  [INF] Published 0 diagnostics for "file:///tmp/nsharp-ide-verify/examples/12-multi-file-projects/WeatherDemo/RawProbe.nl" (98dae7bf)
2026-09-02T20:51:14.5996020-05:00  [INF] Published 0 diagnostics for "file:///tmp/nsharp-ide-verify/examples/12-multi-file-projects/WeatherDemo/Services/WeatherService.nl" (98dae7bf)
2026-09-02T20:51:14.6012450-05:00  [INF] Document saved: "file:///tmp/nsharp-ide-verify/examples/12-multi-file-projects/WeatherDemo/FormatProbe.nl" (72dbcfe6)
2026-09-02T20:51:14.6015880-05:00  [INF] Published 0 diagnostics for "file:///tmp/nsharp-ide-verify/examples/12-multi-file-projects/WeatherDemo/FormatProbe.nl" (98dae7bf)
2026-09-02T20:51:14.6016310-05:00  [INF] Published 0 diagnostics for "file:///tmp/nsharp-ide-verify/examples/12-multi-file-projects/WeatherDemo/Models/WeatherForecast.nl" (98dae7bf)
2026-09-02T20:51:14.6016620-05:00  [INF] Published 0 diagnostics for "file:///tmp/nsharp-ide-verify/examples/12-multi-file-projects/WeatherDemo/Program.nl" (98dae7bf)
2026-09-02T20:51:14.6017090-05:00  [INF] Published 0 diagnostics for "file:///tmp/nsharp-ide-verify/examples/12-multi-file-projects/WeatherDemo/RawProbe.nl" (98dae7bf)
2026-09-02T20:51:14.6017370-05:00  [INF] Published 0 diagnostics for "file:///tmp/nsharp-ide-verify/examples/12-multi-file-projects/WeatherDemo/Services/WeatherService.nl" (98dae7bf)
2026-09-02T20:51:14.8412750-05:00  [INF] File watcher event: Changed "/tmp/nsharp-ide-verify/examples/12-multi-file-projects/WeatherDemo/FormatProbe.nl" (2a46ac63)
2026-09-02T20:51:14.8413380-05:00  [INF] File watcher event: Changed "/tmp/nsharp-ide-verify/examples/12-multi-file-projects/WeatherDemo/FormatProbe.nl" (2a46ac63)
2026-09-02T20:51:14.8413540-05:00  [INF] File watcher event: Changed "/tmp/nsharp-ide-verify/examples/12-multi-file-projects/WeatherDemo/FormatProbe.nl" (2a46ac63)
2026-09-02T20:51:14.8413610-05:00  [INF] File watcher event: Changed "/tmp/nsharp-ide-verify/examples/12-multi-file-projects/WeatherDemo/FormatProbe.nl" (2a46ac63)
2026-09-02T20:51:36.8009470-05:00  [INF] Document opened: "file:///tmp/nsharp-ide-verify/examples/12-multi-file-projects/WeatherDemo/RawProbe.nl" (ec704f34)
2026-09-02T20:51:36.8009950-05:00  [INF] Updating document: "file:///tmp/nsharp-ide-verify/examples/12-multi-file-projects/WeatherDemo/RawProbe.nl" (version 1) (c053146b)
2026-09-02T20:51:36.8024960-05:00  [INF] Document updated successfully with 0 diagnostics (0 parse errors) (e67c2ea2)
2026-09-02T20:51:36.8282160-05:00  [INF] Published 0 diagnostics for "file:///tmp/nsharp-ide-verify/examples/12-multi-file-projects/WeatherDemo/FormatProbe.nl" (98dae7bf)
2026-09-02T20:51:36.8294060-05:00  [INF] Published 0 diagnostics for "file:///tmp/nsharp-ide-verify/examples/12-multi-file-projects/WeatherDemo/Models/WeatherForecast.nl" (98dae7bf)
2026-09-02T20:51:36.8296600-05:00  [INF] Published 0 diagnostics for "file:///tmp/nsharp-ide-verify/examples/12-multi-file-projects/WeatherDemo/Program.nl" (98dae7bf)
2026-09-02T20:51:36.8297230-05:00  [INF] Published 0 diagnostics for "file:///tmp/nsharp-ide-verify/examples/12-multi-file-projects/WeatherDemo/RawProbe.nl" (98dae7bf)
2026-09-02T20:51:36.8297610-05:00  [INF] Published 0 diagnostics for "file:///tmp/nsharp-ide-verify/examples/12-multi-file-projects/WeatherDemo/Services/WeatherService.nl" (98dae7bf)
2026-09-02T20:51:36.8368060-05:00  [INF] Code action requested for "file:///tmp/nsharp-ide-verify/examples/12-multi-file-projects/WeatherDemo/RawProbe.nl" at "[start: (0, 0), end: (0, 0)]" (cf91c2c6)
2026-09-02T20:51:36.8368970-05:00  [INF] Found 0 diagnostics at location (bad383c2)
2026-09-02T20:51:36.8369050-05:00  [INF] No code actions available (565d08ea)
2026-09-02T20:51:45.3064480-05:00  [INF] Document saved: "file:///tmp/nsharp-ide-verify/examples/12-multi-file-projects/WeatherDemo/RawProbe.nl" (72dbcfe6)
2026-09-02T20:51:45.3291060-05:00  [INF] Published 0 diagnostics for "file:///tmp/nsharp-ide-verify/examples/12-multi-file-projects/WeatherDemo/FormatProbe.nl" (98dae7bf)
2026-09-02T20:51:45.3291520-05:00  [INF] Published 0 diagnostics for "file:///tmp/nsharp-ide-verify/examples/12-multi-file-projects/WeatherDemo/Models/WeatherForecast.nl" (98dae7bf)
2026-09-02T20:51:45.3291720-05:00  [INF] Published 0 diagnostics for "file:///tmp/nsharp-ide-verify/examples/12-multi-file-projects/WeatherDemo/Program.nl" (98dae7bf)
2026-09-02T20:51:45.3291870-05:00  [INF] Published 0 diagnostics for "file:///tmp/nsharp-ide-verify/examples/12-multi-file-projects/WeatherDemo/RawProbe.nl" (98dae7bf)
2026-09-02T20:51:45.3292040-05:00  [INF] Published 0 diagnostics for "file:///tmp/nsharp-ide-verify/examples/12-multi-file-projects/WeatherDemo/Services/WeatherService.nl" (98dae7bf)
2026-09-02T20:51:45.6465350-05:00  [INF] File watcher event: Changed "/tmp/nsharp-ide-verify/examples/12-multi-file-projects/WeatherDemo/RawProbe.nl" (2a46ac63)
2026-09-02T20:51:45.6465750-05:00  [INF] File watcher event: Changed "/tmp/nsharp-ide-verify/examples/12-multi-file-projects/WeatherDemo/RawProbe.nl" (2a46ac63)
2026-09-02T20:51:45.6465820-05:00  [INF] File watcher event: Changed "/tmp/nsharp-ide-verify/examples/12-multi-file-projects/WeatherDemo/RawProbe.nl" (2a46ac63)
2026-09-02T20:51:45.6465860-05:00  [INF] File watcher event: Changed "/tmp/nsharp-ide-verify/examples/12-multi-file-projects/WeatherDemo/RawProbe.nl" (2a46ac63)
2026-09-02T20:52:03.4522380-05:00  [INF] Document opened: "file:///tmp/nsharp-ide-verify/examples/12-multi-file-projects/WeatherDemo/Services/WeatherService.nl" (ec704f34)
2026-09-02T20:52:03.4522850-05:00  [INF] Updating document: "file:///tmp/nsharp-ide-verify/examples/12-multi-file-projects/WeatherDemo/Services/WeatherService.nl" (version 1) (c053146b)
2026-09-02T20:52:03.4735090-05:00  [INF] Document updated successfully with 12 diagnostics (0 parse errors) (e67c2ea2)
2026-09-02T20:52:03.5508490-05:00  [INF] Published 0 diagnostics for "file:///tmp/nsharp-ide-verify/examples/12-multi-file-projects/WeatherDemo/FormatProbe.nl" (98dae7bf)
2026-09-02T20:52:03.5509150-05:00  [INF] Published 0 diagnostics for "file:///tmp/nsharp-ide-verify/examples/12-multi-file-projects/WeatherDemo/Models/WeatherForecast.nl" (98dae7bf)
2026-09-02T20:52:03.5509470-05:00  [INF] Published 0 diagnostics for "file:///tmp/nsharp-ide-verify/examples/12-multi-file-projects/WeatherDemo/Program.nl" (98dae7bf)
2026-09-02T20:52:03.5509740-05:00  [INF] Published 0 diagnostics for "file:///tmp/nsharp-ide-verify/examples/12-multi-file-projects/WeatherDemo/RawProbe.nl" (98dae7bf)
2026-09-02T20:52:03.5511360-05:00  [INF] Published 0 diagnostics for "file:///tmp/nsharp-ide-verify/examples/12-multi-file-projects/WeatherDemo/Services/WeatherService.nl" (98dae7bf)
2026-09-02T20:52:03.5519100-05:00  [INF] Code action requested for "file:///tmp/nsharp-ide-verify/examples/12-multi-file-projects/WeatherDemo/Services/WeatherService.nl" at "[start: (0, 0), end: (0, 0)]" (cf91c2c6)
2026-09-02T20:52:03.5519450-05:00  [INF] Found 0 diagnostics at location (bad383c2)
2026-09-02T20:52:03.5519520-05:00  [INF] No code actions available (565d08ea)
2026-09-02T20:52:03.5546790-05:00  [INF] Code action requested for "file:///tmp/nsharp-ide-verify/examples/12-multi-file-projects/WeatherDemo/Services/WeatherService.nl" at "[start: (20, 34), end: (20, 34)]" (cf91c2c6)
2026-09-02T20:52:03.5547050-05:00  [INF] Found 0 diagnostics at location (bad383c2)
2026-09-02T20:52:03.5547110-05:00  [INF] No code actions available (565d08ea)
2026-09-02T20:52:03.7116750-05:00  [INF] Code action requested for "file:///tmp/nsharp-ide-verify/examples/12-multi-file-projects/WeatherDemo/Services/WeatherService.nl" at "[start: (20, 34), end: (20, 34)]" (cf91c2c6)
2026-09-02T20:52:03.7117070-05:00  [INF] Found 0 diagnostics at location (bad383c2)
2026-09-02T20:52:03.7117140-05:00  [INF] No code actions available (565d08ea)
2026-09-02T20:54:01.3088490-05:00  [INF] Code action requested for "file:///tmp/nsharp-ide-verify/examples/12-multi-file-projects/WeatherDemo/Program.nl" at "[start: (0, 0), end: (0, 0)]" (cf91c2c6)
2026-09-02T20:54:01.3088910-05:00  [INF] Found 0 diagnostics at location (bad383c2)
2026-09-02T20:54:01.3088970-05:00  [INF] No code actions available (565d08ea)
2026-09-02T20:54:01.4020670-05:00  [INF] Code action requested for "file:///tmp/nsharp-ide-verify/examples/12-multi-file-projects/WeatherDemo/Program.nl" at "[start: (20, 29), end: (20, 29)]" (cf91c2c6)
2026-09-02T20:54:01.4020920-05:00  [INF] Found 0 diagnostics at location (bad383c2)
2026-09-02T20:54:01.4020990-05:00  [INF] No code actions available (565d08ea)
2026-09-02T20:54:01.5636730-05:00  [INF] Code action requested for "file:///tmp/nsharp-ide-verify/examples/12-multi-file-projects/WeatherDemo/Program.nl" at "[start: (20, 29), end: (20, 29)]" (cf91c2c6)
2026-09-02T20:54:01.5636970-05:00  [INF] Found 0 diagnostics at location (bad383c2)
2026-09-02T20:54:01.5637010-05:00  [INF] No code actions available (565d08ea)
2026-09-02T20:55:28.6872970-05:00  [INF] Updating document: "file:///tmp/nsharp-ide-verify/examples/12-multi-file-projects/WeatherDemo/Program.nl" (version 2) (c053146b)
2026-09-02T20:55:28.7014210-05:00  [INF] Document updated successfully with 0 diagnostics (0 parse errors) (e67c2ea2)
2026-09-02T20:55:28.7417310-05:00  [INF] Published 0 diagnostics for "file:///tmp/nsharp-ide-verify/examples/12-multi-file-projects/WeatherDemo/FormatProbe.nl" (98dae7bf)
2026-09-02T20:55:28.7417870-05:00  [INF] Published 0 diagnostics for "file:///tmp/nsharp-ide-verify/examples/12-multi-file-projects/WeatherDemo/Models/WeatherForecast.nl" (98dae7bf)
2026-09-02T20:55:28.7467320-05:00  [INF] Published 2 diagnostics for "file:///tmp/nsharp-ide-verify/examples/12-multi-file-projects/WeatherDemo/Program.nl" (98dae7bf)
2026-09-02T20:55:28.7468020-05:00  [INF] Published 0 diagnostics for "file:///tmp/nsharp-ide-verify/examples/12-multi-file-projects/WeatherDemo/RawProbe.nl" (98dae7bf)
2026-09-02T20:55:28.7468510-05:00  [INF] Published 0 diagnostics for "file:///tmp/nsharp-ide-verify/examples/12-multi-file-projects/WeatherDemo/Services/WeatherService.nl" (98dae7bf)
2026-09-02T20:55:28.9046220-05:00  [INF] File watcher event: Changed "/tmp/nsharp-ide-verify/examples/12-multi-file-projects/WeatherDemo/Program.nl" (2a46ac63)
2026-09-02T20:55:28.9047380-05:00  [INF] File watcher event: Changed "/tmp/nsharp-ide-verify/examples/12-multi-file-projects/WeatherDemo/Program.nl" (2a46ac63)
2026-09-02T20:55:28.9047640-05:00  [INF] File watcher event: Changed "/tmp/nsharp-ide-verify/examples/12-multi-file-projects/WeatherDemo/Program.nl" (2a46ac63)
2026-09-02T20:55:28.9047760-05:00  [INF] File watcher event: Changed "/tmp/nsharp-ide-verify/examples/12-multi-file-projects/WeatherDemo/Program.nl" (2a46ac63)
2026-09-02T20:55:29.5445210-05:00  [INF] Code action requested for "file:///tmp/nsharp-ide-verify/examples/12-multi-file-projects/WeatherDemo/Program.nl" at "[start: (8, 18), end: (8, 18)]" (cf91c2c6)
2026-09-02T20:55:29.5446950-05:00  [INF] Found 1 diagnostics at location (bad383c2)
2026-09-02T20:55:29.5463640-05:00  [INF] Found 1 fixes for diagnostic "NL002" (06f9f62d)
2026-09-02T20:55:29.5471970-05:00  [INF] Returning 1 code actions (5b5a15ff)
2026-09-02T20:55:30.4622030-05:00  [INF] File watcher event: Changed "/tmp/nsharp-ide-verify/examples/12-multi-file-projects/WeatherDemo/Program.nl" (2a46ac63)
2026-09-02T20:55:30.4622420-05:00  [INF] File watcher event: Changed "/tmp/nsharp-ide-verify/examples/12-multi-file-projects/WeatherDemo/Program.nl" (2a46ac63)
2026-09-02T20:56:14.9038380-05:00  [INF] Code action requested for "file:///tmp/nsharp-ide-verify/examples/12-multi-file-projects/WeatherDemo/Program.nl" at "[start: (8, 24), end: (8, 24)]" (cf91c2c6)
2026-09-02T20:56:14.9038650-05:00  [INF] Found 1 diagnostics at location (bad383c2)
2026-09-02T20:56:14.9038800-05:00  [INF] Found 1 fixes for diagnostic "NL002" (06f9f62d)
2026-09-02T20:56:14.9039000-05:00  [INF] Returning 1 code actions (5b5a15ff)
2026-09-02T20:56:15.0535070-05:00  [INF] Code action requested for "file:///tmp/nsharp-ide-verify/examples/12-multi-file-projects/WeatherDemo/Program.nl" at "[start: (8, 24), end: (8, 24)]" (cf91c2c6)
2026-09-02T20:56:15.0535440-05:00  [INF] Found 1 diagnostics at location (bad383c2)
2026-09-02T20:56:15.0535650-05:00  [INF] Found 1 fixes for diagnostic "NL002" (06f9f62d)
2026-09-02T20:56:15.0535890-05:00  [INF] Returning 1 code actions (5b5a15ff)
2026-09-02T20:56:33.3426020-05:00  [INF] Code action requested for "file:///tmp/nsharp-ide-verify/examples/12-multi-file-projects/WeatherDemo/Program.nl" at "[start: (8, 30), end: (8, 30)]" (cf91c2c6)
2026-09-02T20:56:33.3426360-05:00  [INF] Found 1 diagnostics at location (bad383c2)
2026-09-02T20:56:33.3426540-05:00  [INF] Found 1 fixes for diagnostic "NL002" (06f9f62d)
2026-09-02T20:56:33.3426730-05:00  [INF] Returning 1 code actions (5b5a15ff)
2026-09-02T20:56:49.8677820-05:00  [INF] Code action requested for "file:///tmp/nsharp-ide-verify/examples/12-multi-file-projects/WeatherDemo/Program.nl" at "[start: (8, 15), end: (8, 15)]" (cf91c2c6)
2026-09-02T20:56:49.8678120-05:00  [INF] Found 0 diagnostics at location (bad383c2)
2026-09-02T20:56:49.8678170-05:00  [INF] No code actions available (565d08ea)
2026-09-02T20:56:50.0179290-05:00  [INF] Code action requested for "file:///tmp/nsharp-ide-verify/examples/12-multi-file-projects/WeatherDemo/Program.nl" at "[start: (8, 15), end: (8, 15)]" (cf91c2c6)
2026-09-02T20:56:50.0179660-05:00  [INF] Found 0 diagnostics at location (bad383c2)
2026-09-02T20:56:50.0179730-05:00  [INF] No code actions available (565d08ea)
2026-09-02T20:57:08.8967740-05:00  [INF] Code action requested for "file:///tmp/nsharp-ide-verify/examples/12-multi-file-projects/WeatherDemo/Program.nl" at "[start: (8, 18), end: (8, 18)]" (cf91c2c6)
2026-09-02T20:57:08.8968110-05:00  [INF] Found 1 diagnostics at location (bad383c2)
2026-09-02T20:57:08.8968280-05:00  [INF] Found 1 fixes for diagnostic "NL002" (06f9f62d)
2026-09-02T20:57:08.8968540-05:00  [INF] Returning 1 code actions (5b5a15ff)
2026-09-02T20:57:16.4679660-05:00  [INF] Updating document: "file:///tmp/nsharp-ide-verify/examples/12-multi-file-projects/WeatherDemo/Program.nl" (version 3) (c053146b)
2026-09-02T20:57:16.4710390-05:00  [INF] Document updated successfully with 0 diagnostics (0 parse errors) (e67c2ea2)
2026-09-02T20:57:16.4903620-05:00  [INF] Published 0 diagnostics for "file:///tmp/nsharp-ide-verify/examples/12-multi-file-projects/WeatherDemo/FormatProbe.nl" (98dae7bf)
2026-09-02T20:57:16.4904080-05:00  [INF] Published 0 diagnostics for "file:///tmp/nsharp-ide-verify/examples/12-multi-file-projects/WeatherDemo/Models/WeatherForecast.nl" (98dae7bf)
2026-09-02T20:57:16.4904250-05:00  [INF] Published 0 diagnostics for "file:///tmp/nsharp-ide-verify/examples/12-multi-file-projects/WeatherDemo/Program.nl" (98dae7bf)
2026-09-02T20:57:16.4904400-05:00  [INF] Published 0 diagnostics for "file:///tmp/nsharp-ide-verify/examples/12-multi-file-projects/WeatherDemo/RawProbe.nl" (98dae7bf)
2026-09-02T20:57:16.4904510-05:00  [INF] Published 0 diagnostics for "file:///tmp/nsharp-ide-verify/examples/12-multi-file-projects/WeatherDemo/Services/WeatherService.nl" (98dae7bf)
2026-09-02T20:57:16.4908170-05:00  [INF] Code action requested for "file:///tmp/nsharp-ide-verify/examples/12-multi-file-projects/WeatherDemo/Program.nl" at "[start: (9, 18), end: (9, 18)]" (cf91c2c6)
2026-09-02T20:57:16.4908250-05:00  [INF] Found 0 diagnostics at location (bad383c2)
2026-09-02T20:57:16.4908270-05:00  [INF] No code actions available (565d08ea)
2026-09-02T20:57:16.7433900-05:00  [INF] Code action requested for "file:///tmp/nsharp-ide-verify/examples/12-multi-file-projects/WeatherDemo/Program.nl" at "[start: (9, 18), end: (9, 18)]" (cf91c2c6)
2026-09-02T20:57:16.7434130-05:00  [INF] Found 0 diagnostics at location (bad383c2)
2026-09-02T20:57:16.7434160-05:00  [INF] No code actions available (565d08ea)
2026-09-02T20:57:40.7618370-05:00  [INF] Updating document: "file:///tmp/nsharp-ide-verify/examples/12-multi-file-projects/WeatherDemo/Program.nl" (version 4) (c053146b)
2026-09-02T20:57:40.7638910-05:00  [INF] Document updated successfully with 0 diagnostics (0 parse errors) (e67c2ea2)
2026-09-02T20:57:40.7810300-05:00  [INF] Published 0 diagnostics for "file:///tmp/nsharp-ide-verify/examples/12-multi-file-projects/WeatherDemo/FormatProbe.nl" (98dae7bf)
2026-09-02T20:57:40.7810620-05:00  [INF] Published 0 diagnostics for "file:///tmp/nsharp-ide-verify/examples/12-multi-file-projects/WeatherDemo/Models/WeatherForecast.nl" (98dae7bf)
2026-09-02T20:57:40.7811000-05:00  [INF] Published 2 diagnostics for "file:///tmp/nsharp-ide-verify/examples/12-multi-file-projects/WeatherDemo/Program.nl" (98dae7bf)
2026-09-02T20:57:40.7811120-05:00  [INF] Published 0 diagnostics for "file:///tmp/nsharp-ide-verify/examples/12-multi-file-projects/WeatherDemo/RawProbe.nl" (98dae7bf)
2026-09-02T20:57:40.7811210-05:00  [INF] Published 0 diagnostics for "file:///tmp/nsharp-ide-verify/examples/12-multi-file-projects/WeatherDemo/Services/WeatherService.nl" (98dae7bf)
2026-09-02T20:57:41.0349850-05:00  [INF] Code action requested for "file:///tmp/nsharp-ide-verify/examples/12-multi-file-projects/WeatherDemo/Program.nl" at "[start: (8, 18), end: (8, 18)]" (cf91c2c6)
2026-09-02T20:57:41.0350080-05:00  [INF] Found 1 diagnostics at location (bad383c2)
2026-09-02T20:57:41.0350360-05:00  [INF] Found 1 fixes for diagnostic "NL002" (06f9f62d)
2026-09-02T20:57:41.0350530-05:00  [INF] Returning 1 code actions (5b5a15ff)
2026-09-02T20:57:55.4052810-05:00  [INF] Updating document: "file:///tmp/nsharp-ide-verify/examples/12-multi-file-projects/WeatherDemo/Program.nl" (version 5) (c053146b)
2026-09-02T20:57:55.4153080-05:00  [INF] Document updated successfully with 1 diagnostics (1 parse errors) (e67c2ea2)
2026-09-02T20:57:55.4385520-05:00  [INF] Published 0 diagnostics for "file:///tmp/nsharp-ide-verify/examples/12-multi-file-projects/WeatherDemo/FormatProbe.nl" (98dae7bf)
2026-09-02T20:57:55.4385930-05:00  [INF] Published 0 diagnostics for "file:///tmp/nsharp-ide-verify/examples/12-multi-file-projects/WeatherDemo/Models/WeatherForecast.nl" (98dae7bf)
2026-09-02T20:57:55.4395580-05:00  [INF] Published 1 diagnostics for "file:///tmp/nsharp-ide-verify/examples/12-multi-file-projects/WeatherDemo/Program.nl" (98dae7bf)
2026-09-02T20:57:55.4395910-05:00  [INF] Published 0 diagnostics for "file:///tmp/nsharp-ide-verify/examples/12-multi-file-projects/WeatherDemo/RawProbe.nl" (98dae7bf)
2026-09-02T20:57:55.4396080-05:00  [INF] Published 0 diagnostics for "file:///tmp/nsharp-ide-verify/examples/12-multi-file-projects/WeatherDemo/Services/WeatherService.nl" (98dae7bf)
2026-09-02T20:57:55.7754700-05:00  [INF] File watcher event: Changed "/tmp/nsharp-ide-verify/examples/12-multi-file-projects/WeatherDemo/Program.nl" (2a46ac63)
2026-09-02T20:57:55.7755000-05:00  [INF] File watcher event: Changed "/tmp/nsharp-ide-verify/examples/12-multi-file-projects/WeatherDemo/Program.nl" (2a46ac63)
2026-09-02T20:57:55.7755050-05:00  [INF] File watcher event: Changed "/tmp/nsharp-ide-verify/examples/12-multi-file-projects/WeatherDemo/Program.nl" (2a46ac63)
2026-09-02T20:57:55.7755080-05:00  [INF] File watcher event: Changed "/tmp/nsharp-ide-verify/examples/12-multi-file-projects/WeatherDemo/Program.nl" (2a46ac63)
2026-09-02T20:57:55.9670280-05:00  [INF] Code action requested for "file:///tmp/nsharp-ide-verify/examples/12-multi-file-projects/WeatherDemo/Program.nl" at "[start: (20, 27), end: (20, 27)]" (cf91c2c6)
2026-09-02T20:57:55.9670530-05:00  [INF] Found 0 diagnostics at location (bad383c2)
2026-09-02T20:57:55.9670580-05:00  [INF] No code actions available (565d08ea)
2026-09-02T20:57:56.8801290-05:00  [INF] File watcher event: Changed "/tmp/nsharp-ide-verify/examples/12-multi-file-projects/WeatherDemo/Program.nl" (2a46ac63)
2026-09-02T20:57:56.8801610-05:00  [INF] File watcher event: Changed "/tmp/nsharp-ide-verify/examples/12-multi-file-projects/WeatherDemo/Program.nl" (2a46ac63)
