2026-09-02T22:48:13.7004420-05:00  [INF] DocumentManager initialized with shared Analyzer (system assemblies loaded) (36ec1433)
2026-09-02T22:48:14.0396640-05:00  [INF] N# Language Server initialized (bc2de953)
2026-09-02T22:48:14.0400150-05:00  [INF] Client: "Visual Studio Code" "1.136.0" (76fb3e8a)
2026-09-02T22:48:14.0668260-05:00  [INF] Scanning workspace for .nl files: "/tmp/nsharp-ide-verify/examples/12-multi-file-projects/WeatherDemo" (62c60a32)
2026-09-02T22:48:14.0733160-05:00  [INF] Updating document: "file:///tmp/nsharp-ide-verify/examples/12-multi-file-projects/WeatherDemo/Program.nl" (version 0) (c053146b)
2026-09-02T22:48:14.1348240-05:00  [INF] Loading assemblies for new project directory: "/tmp/nsharp-ide-verify/examples/12-multi-file-projects/WeatherDemo" (06d8673e)
2026-09-02T22:48:14.2479820-05:00  [INF] Document updated successfully with 0 diagnostics (0 parse errors) (e67c2ea2)
2026-09-02T22:48:14.2481290-05:00  [INF] Updating document: "file:///tmp/nsharp-ide-verify/examples/12-multi-file-projects/WeatherDemo/Models/WeatherForecast.nl" (version 0) (c053146b)
2026-09-02T22:48:14.2484280-05:00  [INF] Loading assemblies for new project directory: "/tmp/nsharp-ide-verify/examples/12-multi-file-projects/WeatherDemo/Models" (06d8673e)
2026-09-02T22:48:14.2538660-05:00  [INF] Document updated successfully with 0 diagnostics (0 parse errors) (e67c2ea2)
2026-09-02T22:48:14.2539700-05:00  [INF] Updating document: "file:///tmp/nsharp-ide-verify/examples/12-multi-file-projects/WeatherDemo/Services/WeatherService.nl" (version 0) (c053146b)
2026-09-02T22:48:14.2544570-05:00  [INF] Loading assemblies for new project directory: "/tmp/nsharp-ide-verify/examples/12-multi-file-projects/WeatherDemo/Services" (06d8673e)
2026-09-02T22:48:14.3744940-05:00  [INF] Document updated successfully with 12 diagnostics (0 parse errors) (e67c2ea2)
2026-09-02T22:48:14.3745590-05:00  [INF] Workspace scan loaded 3 .nl files from "/tmp/nsharp-ide-verify/examples/12-multi-file-projects/WeatherDemo" (fe82df23)
2026-09-02T22:48:14.4910250-05:00  [WRN] Tried to send request or notification before initialization was completed and will be sent later OutgoingNotification { Method: "textDocument/publishDiagnostics", Params: PublishDiagnosticsParams { Uri: DocumentUri { Scheme: "file", Authority: "", Path: "/tmp/nsharp-ide-verify/examples/12-multi-file-projects/WeatherDemo/Models/WeatherForecast.nl", Query: "", Fragment: "" }, Version: null, Diagnostics: [] }, TraceParent: null, TraceState: null } (829f99bc)
2026-09-02T22:48:14.4915750-05:00  [WRN] Tried to send request or notification before initialization was completed and will be sent later OutgoingNotification { Method: "textDocument/publishDiagnostics", Params: PublishDiagnosticsParams { Uri: DocumentUri { Scheme: "file", Authority: "", Path: "/tmp/nsharp-ide-verify/examples/12-multi-file-projects/WeatherDemo/Program.nl", Query: "", Fragment: "" }, Version: null, Diagnostics: [] }, TraceParent: null, TraceState: null } (829f99bc)
2026-09-02T22:48:14.4916430-05:00  [WRN] Tried to send request or notification before initialization was completed and will be sent later OutgoingNotification { Method: "textDocument/publishDiagnostics", Params: PublishDiagnosticsParams { Uri: DocumentUri { Scheme: "file", Authority: "", Path: "/tmp/nsharp-ide-verify/examples/12-multi-file-projects/WeatherDemo/Services/WeatherService.nl", Query: "", Fragment: "" }, Version: null, Diagnostics: [] }, TraceParent: null, TraceState: null } (829f99bc)
2026-09-02T22:48:14.4920500-05:00  [WRN] Tried to send request or notification before initialization was completed and will be sent later OutgoingNotification { Method: "textDocument/publishDiagnostics", Params: PublishDiagnosticsParams { Uri: DocumentUri { Scheme: "file", Authority: "", Path: "/tmp/nsharp-ide-verify/examples/12-multi-file-projects/WeatherDemo/Models/WeatherForecast.nl", Query: "", Fragment: "" }, Version: null, Diagnostics: [] }, TraceParent: null, TraceState: null } (829f99bc)
2026-09-02T22:48:14.4921030-05:00  [WRN] Tried to send request or notification before initialization was completed and will be sent later OutgoingNotification { Method: "textDocument/publishDiagnostics", Params: PublishDiagnosticsParams { Uri: DocumentUri { Scheme: "file", Authority: "", Path: "/tmp/nsharp-ide-verify/examples/12-multi-file-projects/WeatherDemo/Program.nl", Query: "", Fragment: "" }, Version: null, Diagnostics: [] }, TraceParent: null, TraceState: null } (829f99bc)
2026-09-02T22:48:14.4921530-05:00  [WRN] Tried to send request or notification before initialization was completed and will be sent later OutgoingNotification { Method: "textDocument/publishDiagnostics", Params: PublishDiagnosticsParams { Uri: DocumentUri { Scheme: "file", Authority: "", Path: "/tmp/nsharp-ide-verify/examples/12-multi-file-projects/WeatherDemo/Services/WeatherService.nl", Query: "", Fragment: "" }, Version: null, Diagnostics: [] }, TraceParent: null, TraceState: null } (829f99bc)
2026-09-02T22:48:14.4923880-05:00  [WRN] Tried to send request or notification before initialization was completed and will be sent later OutgoingNotification { Method: "textDocument/publishDiagnostics", Params: PublishDiagnosticsParams { Uri: DocumentUri { Scheme: "file", Authority: "", Path: "/tmp/nsharp-ide-verify/examples/12-multi-file-projects/WeatherDemo/Models/WeatherForecast.nl", Query: "", Fragment: "" }, Version: null, Diagnostics: [] }, TraceParent: null, TraceState: null } (829f99bc)
2026-09-02T22:48:14.4924380-05:00  [WRN] Tried to send request or notification before initialization was completed and will be sent later OutgoingNotification { Method: "textDocument/publishDiagnostics", Params: PublishDiagnosticsParams { Uri: DocumentUri { Scheme: "file", Authority: "", Path: "/tmp/nsharp-ide-verify/examples/12-multi-file-projects/WeatherDemo/Program.nl", Query: "", Fragment: "" }, Version: null, Diagnostics: [] }, TraceParent: null, TraceState: null } (829f99bc)
2026-09-02T22:48:14.4924800-05:00  [WRN] Tried to send request or notification before initialization was completed and will be sent later OutgoingNotification { Method: "textDocument/publishDiagnostics", Params: PublishDiagnosticsParams { Uri: DocumentUri { Scheme: "file", Authority: "", Path: "/tmp/nsharp-ide-verify/examples/12-multi-file-projects/WeatherDemo/Services/WeatherService.nl", Query: "", Fragment: "" }, Version: null, Diagnostics: [] }, TraceParent: null, TraceState: null } (829f99bc)
2026-09-02T22:48:14.4925100-05:00  [INF] Published workspace diagnostics for 3 files (2e239605)
2026-09-02T22:48:14.5848840-05:00  [WRN] No ConfigurationItems have been defined, configuration won't surface any configuration from the client! (60a934b9)
2026-09-02T22:48:14.5978830-05:00  [INF] Document opened: "file:///tmp/nsharp-ide-verify/examples/12-multi-file-projects/WeatherDemo/Program.nl" (ec704f34)
2026-09-02T22:48:14.5979660-05:00  [INF] Updating document: "file:///tmp/nsharp-ide-verify/examples/12-multi-file-projects/WeatherDemo/Program.nl" (version 1) (c053146b)
2026-09-02T22:48:14.6021390-05:00  [INF] Document updated successfully with 0 diagnostics (0 parse errors) (e67c2ea2)
2026-09-02T22:48:14.6571570-05:00  [INF] Published 0 diagnostics for "file:///tmp/nsharp-ide-verify/examples/12-multi-file-projects/WeatherDemo/Models/WeatherForecast.nl" (98dae7bf)
2026-09-02T22:48:14.6572700-05:00  [INF] Published 0 diagnostics for "file:///tmp/nsharp-ide-verify/examples/12-multi-file-projects/WeatherDemo/Program.nl" (98dae7bf)
2026-09-02T22:48:14.6573310-05:00  [INF] Published 0 diagnostics for "file:///tmp/nsharp-ide-verify/examples/12-multi-file-projects/WeatherDemo/Services/WeatherService.nl" (98dae7bf)
2026-09-02T22:48:54.2702490-05:00  [INF] Updating document: "file:///tmp/nsharp-ide-verify/examples/12-multi-file-projects/WeatherDemo/Program.nl" (version 2) (c053146b)
2026-09-02T22:48:54.2916080-05:00  [INF] Document updated successfully with 1 diagnostics (1 parse errors) (e67c2ea2)
2026-09-02T22:48:54.4857420-05:00  [INF] Published 0 diagnostics for "file:///tmp/nsharp-ide-verify/examples/12-multi-file-projects/WeatherDemo/Models/WeatherForecast.nl" (98dae7bf)
2026-09-02T22:48:54.5033520-05:00  [INF] Published 1 diagnostics for "file:///tmp/nsharp-ide-verify/examples/12-multi-file-projects/WeatherDemo/Program.nl" (98dae7bf)
2026-09-02T22:48:54.5041510-05:00  [INF] Published 0 diagnostics for "file:///tmp/nsharp-ide-verify/examples/12-multi-file-projects/WeatherDemo/Services/WeatherService.nl" (98dae7bf)
2026-09-02T22:48:54.5745370-05:00  [INF] File watcher event: Changed "/tmp/nsharp-ide-verify/examples/12-multi-file-projects/WeatherDemo/Program.nl" (2a46ac63)
2026-09-02T22:48:54.5755500-05:00  [INF] File watcher event: Changed "/tmp/nsharp-ide-verify/examples/12-multi-file-projects/WeatherDemo/Program.nl" (2a46ac63)
2026-09-02T22:48:54.5757680-05:00  [INF] File watcher event: Changed "/tmp/nsharp-ide-verify/examples/12-multi-file-projects/WeatherDemo/Program.nl" (2a46ac63)
2026-09-02T22:48:54.5758080-05:00  [INF] File watcher event: Changed "/tmp/nsharp-ide-verify/examples/12-multi-file-projects/WeatherDemo/Program.nl" (2a46ac63)
2026-09-02T22:48:55.9108560-05:00  [INF] Code action requested for "file:///tmp/nsharp-ide-verify/examples/12-multi-file-projects/WeatherDemo/Program.nl" at "[start: (20, 29), end: (20, 29)]" (cf91c2c6)
2026-09-02T22:48:55.9115510-05:00  [INF] Found 0 diagnostics at location (bad383c2)
2026-09-02T22:48:55.9116220-05:00  [INF] No code actions available (565d08ea)
2026-09-02T22:48:56.8290920-05:00  [INF] File watcher event: Changed "/tmp/nsharp-ide-verify/examples/12-multi-file-projects/WeatherDemo/Program.nl" (2a46ac63)
2026-09-02T22:48:56.8292120-05:00  [INF] File watcher event: Changed "/tmp/nsharp-ide-verify/examples/12-multi-file-projects/WeatherDemo/Program.nl" (2a46ac63)
2026-09-02T22:50:16.4375580-05:00  [INF] Updating document: "file:///tmp/nsharp-ide-verify/examples/12-multi-file-projects/WeatherDemo/Program.nl" (version 3) (c053146b)
2026-09-02T22:50:16.4503580-05:00  [INF] Document updated successfully with 1 diagnostics (0 parse errors) (e67c2ea2)
2026-09-02T22:50:16.5186690-05:00  [INF] Published 0 diagnostics for "file:///tmp/nsharp-ide-verify/examples/12-multi-file-projects/WeatherDemo/Models/WeatherForecast.nl" (98dae7bf)
2026-09-02T22:50:16.5190270-05:00  [INF] Published 2 diagnostics for "file:///tmp/nsharp-ide-verify/examples/12-multi-file-projects/WeatherDemo/Program.nl" (98dae7bf)
2026-09-02T22:50:16.5190770-05:00  [INF] Published 0 diagnostics for "file:///tmp/nsharp-ide-verify/examples/12-multi-file-projects/WeatherDemo/Services/WeatherService.nl" (98dae7bf)
2026-09-02T22:50:16.6076720-05:00  [INF] File watcher event: Changed "/tmp/nsharp-ide-verify/examples/12-multi-file-projects/WeatherDemo/Program.nl" (2a46ac63)
2026-09-02T22:50:16.6077230-05:00  [INF] File watcher event: Changed "/tmp/nsharp-ide-verify/examples/12-multi-file-projects/WeatherDemo/Program.nl" (2a46ac63)
2026-09-02T22:50:16.6077330-05:00  [INF] File watcher event: Changed "/tmp/nsharp-ide-verify/examples/12-multi-file-projects/WeatherDemo/Program.nl" (2a46ac63)
2026-09-02T22:50:16.6077430-05:00  [INF] File watcher event: Changed "/tmp/nsharp-ide-verify/examples/12-multi-file-projects/WeatherDemo/Program.nl" (2a46ac63)
2026-09-02T22:50:16.9085770-05:00  [INF] Code action requested for "file:///tmp/nsharp-ide-verify/examples/12-multi-file-projects/WeatherDemo/Program.nl" at "[start: (20, 32), end: (20, 32)]" (cf91c2c6)
2026-09-02T22:50:16.9086490-05:00  [INF] Found 1 diagnostics at location (bad383c2)
2026-09-02T22:50:16.9090100-05:00  [INF] Found 0 fixes for diagnostic "NL303" (06f9f62d)
2026-09-02T22:50:16.9090190-05:00  [INF] No code actions available (565d08ea)
2026-09-02T22:50:17.8268070-05:00  [INF] File watcher event: Changed "/tmp/nsharp-ide-verify/examples/12-multi-file-projects/WeatherDemo/Program.nl" (2a46ac63)
2026-09-02T22:50:17.8268450-05:00  [INF] File watcher event: Changed "/tmp/nsharp-ide-verify/examples/12-multi-file-projects/WeatherDemo/Program.nl" (2a46ac63)
2026-09-02T22:50:43.1728050-05:00  [INF] Updating document: "file:///tmp/nsharp-ide-verify/examples/12-multi-file-projects/WeatherDemo/Program.nl" (version 4) (c053146b)
2026-09-02T22:50:43.1803100-05:00  [INF] Document updated successfully with 1 diagnostics (1 parse errors) (e67c2ea2)
2026-09-02T22:50:43.2489620-05:00  [INF] Published 0 diagnostics for "file:///tmp/nsharp-ide-verify/examples/12-multi-file-projects/WeatherDemo/Models/WeatherForecast.nl" (98dae7bf)
2026-09-02T22:50:43.2494600-05:00  [INF] Published 1 diagnostics for "file:///tmp/nsharp-ide-verify/examples/12-multi-file-projects/WeatherDemo/Program.nl" (98dae7bf)
2026-09-02T22:50:43.2501670-05:00  [INF] Published 0 diagnostics for "file:///tmp/nsharp-ide-verify/examples/12-multi-file-projects/WeatherDemo/Services/WeatherService.nl" (98dae7bf)
2026-09-02T22:50:43.3609430-05:00  [INF] File watcher event: Changed "/tmp/nsharp-ide-verify/examples/12-multi-file-projects/WeatherDemo/Program.nl" (2a46ac63)
2026-09-02T22:50:43.3610330-05:00  [INF] File watcher event: Changed "/tmp/nsharp-ide-verify/examples/12-multi-file-projects/WeatherDemo/Program.nl" (2a46ac63)
2026-09-02T22:50:43.3610500-05:00  [INF] File watcher event: Changed "/tmp/nsharp-ide-verify/examples/12-multi-file-projects/WeatherDemo/Program.nl" (2a46ac63)
2026-09-02T22:50:43.3610630-05:00  [INF] File watcher event: Changed "/tmp/nsharp-ide-verify/examples/12-multi-file-projects/WeatherDemo/Program.nl" (2a46ac63)
2026-09-02T22:50:44.3092420-05:00  [INF] Code action requested for "file:///tmp/nsharp-ide-verify/examples/12-multi-file-projects/WeatherDemo/Program.nl" at "[start: (20, 27), end: (20, 27)]" (cf91c2c6)
2026-09-02T22:50:44.3093350-05:00  [INF] Found 0 diagnostics at location (bad383c2)
2026-09-02T22:50:44.3093450-05:00  [INF] No code actions available (565d08ea)
2026-09-02T22:50:45.2514260-05:00  [INF] File watcher event: Changed "/tmp/nsharp-ide-verify/examples/12-multi-file-projects/WeatherDemo/Program.nl" (2a46ac63)
2026-09-02T22:50:45.2515470-05:00  [INF] File watcher event: Changed "/tmp/nsharp-ide-verify/examples/12-multi-file-projects/WeatherDemo/Program.nl" (2a46ac63)
2026-09-02T22:51:20.7815370-05:00  [INF] Updating document: "file:///tmp/nsharp-ide-verify/examples/12-multi-file-projects/WeatherDemo/Program.nl" (version 5) (c053146b)
2026-09-02T22:51:20.7881600-05:00  [INF] Document updated successfully with 0 diagnostics (0 parse errors) (e67c2ea2)
2026-09-02T22:51:20.8674080-05:00  [INF] Published 0 diagnostics for "file:///tmp/nsharp-ide-verify/examples/12-multi-file-projects/WeatherDemo/Models/WeatherForecast.nl" (98dae7bf)
2026-09-02T22:51:20.8677640-05:00  [INF] Published 0 diagnostics for "file:///tmp/nsharp-ide-verify/examples/12-multi-file-projects/WeatherDemo/Program.nl" (98dae7bf)
2026-09-02T22:51:20.8679670-05:00  [INF] Published 1 diagnostics for "file:///tmp/nsharp-ide-verify/examples/12-multi-file-projects/WeatherDemo/Services/WeatherService.nl" (98dae7bf)
2026-09-02T22:51:20.9369980-05:00  [INF] File watcher event: Changed "/tmp/nsharp-ide-verify/examples/12-multi-file-projects/WeatherDemo/Program.nl" (2a46ac63)
2026-09-02T22:51:20.9370860-05:00  [INF] File watcher event: Changed "/tmp/nsharp-ide-verify/examples/12-multi-file-projects/WeatherDemo/Program.nl" (2a46ac63)
2026-09-02T22:51:21.2608980-05:00  [INF] File watcher event: Changed "/tmp/nsharp-ide-verify/examples/12-multi-file-projects/WeatherDemo/Program.nl" (2a46ac63)
2026-09-02T22:51:21.2610260-05:00  [INF] File watcher event: Changed "/tmp/nsharp-ide-verify/examples/12-multi-file-projects/WeatherDemo/Services/WeatherService.nl" (2a46ac63)
2026-09-02T22:51:21.2614900-05:00  [INF] Updating document: "file:///tmp/nsharp-ide-verify/examples/12-multi-file-projects/WeatherDemo/Services/WeatherService.nl" (version 0) (c053146b)
2026-09-02T22:51:21.3398390-05:00  [INF] Document updated successfully with 13 diagnostics (1 parse errors) (e67c2ea2)
2026-09-02T22:51:21.5777230-05:00  [INF] Published 0 diagnostics for "file:///tmp/nsharp-ide-verify/examples/12-multi-file-projects/WeatherDemo/Models/WeatherForecast.nl" (file watcher) (cf317ea3)
2026-09-02T22:51:21.5780440-05:00  [INF] Published 0 diagnostics for "file:///tmp/nsharp-ide-verify/examples/12-multi-file-projects/WeatherDemo/Program.nl" (file watcher) (cf317ea3)
2026-09-02T22:51:21.5783990-05:00  [INF] Published 1 diagnostics for "file:///tmp/nsharp-ide-verify/examples/12-multi-file-projects/WeatherDemo/Services/WeatherService.nl" (file watcher) (cf317ea3)
2026-09-02T22:51:21.5784290-05:00  [INF] File watcher event: Changed "/tmp/nsharp-ide-verify/examples/12-multi-file-projects/WeatherDemo/Program.nl" (2a46ac63)
2026-09-02T22:51:21.5813530-05:00  [INF] File watcher event: Changed "/tmp/nsharp-ide-verify/examples/12-multi-file-projects/WeatherDemo/Services/WeatherService.nl" (2a46ac63)
2026-09-02T22:51:21.5816850-05:00  [INF] Updating document: "file:///tmp/nsharp-ide-verify/examples/12-multi-file-projects/WeatherDemo/Services/WeatherService.nl" (version 0) (c053146b)
2026-09-02T22:51:21.6985010-05:00  [INF] Document updated successfully with 13 diagnostics (1 parse errors) (e67c2ea2)
2026-09-02T22:51:21.8930310-05:00  [INF] Published 0 diagnostics for "file:///tmp/nsharp-ide-verify/examples/12-multi-file-projects/WeatherDemo/Models/WeatherForecast.nl" (file watcher) (cf317ea3)
2026-09-02T22:51:21.8932280-05:00  [INF] Published 0 diagnostics for "file:///tmp/nsharp-ide-verify/examples/12-multi-file-projects/WeatherDemo/Program.nl" (file watcher) (cf317ea3)
2026-09-02T22:51:21.8934060-05:00  [INF] Published 1 diagnostics for "file:///tmp/nsharp-ide-verify/examples/12-multi-file-projects/WeatherDemo/Services/WeatherService.nl" (file watcher) (cf317ea3)
2026-09-02T22:51:22.0155180-05:00  [INF] Document opened: "file:///tmp/nsharp-ide-verify/examples/12-multi-file-projects/WeatherDemo/Services/WeatherService.nl" (ec704f34)
2026-09-02T22:51:22.0156450-05:00  [INF] Updating document: "file:///tmp/nsharp-ide-verify/examples/12-multi-file-projects/WeatherDemo/Services/WeatherService.nl" (version 1) (c053146b)
2026-09-02T22:51:22.0720310-05:00  [INF] Document updated successfully with 13 diagnostics (1 parse errors) (e67c2ea2)
2026-09-02T22:51:22.1472430-05:00  [INF] Published 0 diagnostics for "file:///tmp/nsharp-ide-verify/examples/12-multi-file-projects/WeatherDemo/Models/WeatherForecast.nl" (98dae7bf)
2026-09-02T22:51:22.1476280-05:00  [INF] Published 0 diagnostics for "file:///tmp/nsharp-ide-verify/examples/12-multi-file-projects/WeatherDemo/Program.nl" (98dae7bf)
2026-09-02T22:51:22.1478740-05:00  [INF] Published 1 diagnostics for "file:///tmp/nsharp-ide-verify/examples/12-multi-file-projects/WeatherDemo/Services/WeatherService.nl" (98dae7bf)
2026-09-02T22:51:22.1490360-05:00  [INF] Code action requested for "file:///tmp/nsharp-ide-verify/examples/12-multi-file-projects/WeatherDemo/Services/WeatherService.nl" at "[start: (0, 0), end: (0, 0)]" (cf91c2c6)
2026-09-02T22:51:22.1490970-05:00  [INF] Found 0 diagnostics at location (bad383c2)
2026-09-02T22:51:22.1491090-05:00  [INF] No code actions available (565d08ea)
2026-09-02T22:51:22.1559030-05:00  [INF] Code action requested for "file:///tmp/nsharp-ide-verify/examples/12-multi-file-projects/WeatherDemo/Services/WeatherService.nl" at "[start: (53, 14), end: (53, 14)]" (cf91c2c6)
2026-09-02T22:51:22.1559430-05:00  [INF] Found 0 diagnostics at location (bad383c2)
2026-09-02T22:51:22.1559520-05:00  [INF] No code actions available (565d08ea)
2026-09-02T22:51:22.4216310-05:00  [INF] Code action requested for "file:///tmp/nsharp-ide-verify/examples/12-multi-file-projects/WeatherDemo/Services/WeatherService.nl" at "[start: (53, 14), end: (53, 14)]" (cf91c2c6)
2026-09-02T22:51:22.4216780-05:00  [INF] Found 0 diagnostics at location (bad383c2)
2026-09-02T22:51:22.4216870-05:00  [INF] No code actions available (565d08ea)
2026-09-02T22:51:22.9237690-05:00  [INF] File watcher event: Changed "/tmp/nsharp-ide-verify/examples/12-multi-file-projects/WeatherDemo/Program.nl" (2a46ac63)
2026-09-02T22:51:22.9239690-05:00  [INF] File watcher event: Changed "/tmp/nsharp-ide-verify/examples/12-multi-file-projects/WeatherDemo/Program.nl" (2a46ac63)
2026-09-02T22:51:48.1709500-05:00  [INF] Updating document: "file:///tmp/nsharp-ide-verify/examples/12-multi-file-projects/WeatherDemo/Services/WeatherService.nl" (version 2) (c053146b)
2026-09-02T22:51:48.1849940-05:00  [INF] Document updated successfully with 12 diagnostics (0 parse errors) (e67c2ea2)
2026-09-02T22:51:48.2220600-05:00  [INF] Published 0 diagnostics for "file:///tmp/nsharp-ide-verify/examples/12-multi-file-projects/WeatherDemo/Models/WeatherForecast.nl" (98dae7bf)
2026-09-02T22:51:48.2221790-05:00  [INF] Published 0 diagnostics for "file:///tmp/nsharp-ide-verify/examples/12-multi-file-projects/WeatherDemo/Program.nl" (98dae7bf)
2026-09-02T22:51:48.2222150-05:00  [INF] Published 0 diagnostics for "file:///tmp/nsharp-ide-verify/examples/12-multi-file-projects/WeatherDemo/Services/WeatherService.nl" (98dae7bf)
2026-09-02T22:51:48.2251880-05:00  [INF] File watcher event: Changed "/tmp/nsharp-ide-verify/examples/12-multi-file-projects/WeatherDemo/Services/WeatherService.nl" (2a46ac63)
2026-09-02T22:51:48.2252420-05:00  [INF] File watcher event: Changed "/tmp/nsharp-ide-verify/examples/12-multi-file-projects/WeatherDemo/Services/WeatherService.nl" (2a46ac63)
2026-09-02T22:51:48.6415610-05:00  [INF] Document opened: "file:///tmp/nsharp-ide-verify-sys/Program.nl" (ec704f34)
2026-09-02T22:51:48.6416350-05:00  [INF] Updating document: "file:///tmp/nsharp-ide-verify-sys/Program.nl" (version 1) (c053146b)
2026-09-02T22:51:48.6445610-05:00  [INF] Loading assemblies for new project directory: "/tmp/nsharp-ide-verify-sys" (06d8673e)
2026-09-02T22:51:48.6527340-05:00  [INF] Document updated successfully with 0 diagnostics (0 parse errors) (e67c2ea2)
2026-09-02T22:51:48.6660510-05:00  [INF] Published 2 diagnostics for "file:///tmp/nsharp-ide-verify-sys/Program.nl" (98dae7bf)
2026-09-02T22:51:48.6669860-05:00  [INF] Code action requested for "file:///tmp/nsharp-ide-verify-sys/Program.nl" at "[start: (0, 0), end: (0, 0)]" (cf91c2c6)
2026-09-02T22:51:48.6670570-05:00  [INF] Found 0 diagnostics at location (bad383c2)
2026-09-02T22:51:48.6670890-05:00  [INF] No code actions available (565d08ea)
2026-09-02T22:51:48.7235820-05:00  [INF] Code action requested for "file:///tmp/nsharp-ide-verify-sys/Program.nl" at "[start: (17, 1), end: (17, 1)]" (cf91c2c6)
2026-09-02T22:51:48.7236200-05:00  [INF] Found 0 diagnostics at location (bad383c2)
2026-09-02T22:51:48.7236290-05:00  [INF] No code actions available (565d08ea)
2026-09-02T22:51:48.9454450-05:00  [INF] Code action requested for "file:///tmp/nsharp-ide-verify-sys/Program.nl" at "[start: (17, 1), end: (17, 1)]" (cf91c2c6)
2026-09-02T22:51:48.9454830-05:00  [INF] Found 0 diagnostics at location (bad383c2)
2026-09-02T22:51:48.9454870-05:00  [INF] No code actions available (565d08ea)
2026-09-02T22:52:24.8682310-05:00  [INF] Code action requested for "file:///tmp/nsharp-ide-verify-sys/Program.nl" at "[start: (18, 0), end: (18, 5)]" (cf91c2c6)
2026-09-02T22:52:24.8682810-05:00  [INF] Found 1 diagnostics at location (bad383c2)
2026-09-02T22:52:24.8682940-05:00  [INF] No code actions available (565d08ea)
2026-09-02T22:52:39.6363390-05:00  [INF] Code action requested for "file:///tmp/nsharp-ide-verify/examples/12-multi-file-projects/WeatherDemo/Services/WeatherService.nl" at "[start: (0, 0), end: (0, 0)]" (cf91c2c6)
2026-09-02T22:52:39.6363910-05:00  [INF] Found 0 diagnostics at location (bad383c2)
2026-09-02T22:52:39.6363980-05:00  [INF] No code actions available (565d08ea)
2026-09-02T22:52:39.7281910-05:00  [INF] Code action requested for "file:///tmp/nsharp-ide-verify/examples/12-multi-file-projects/WeatherDemo/Services/WeatherService.nl" at "[start: (20, 34), end: (20, 34)]" (cf91c2c6)
2026-09-02T22:52:39.7282230-05:00  [INF] Found 0 diagnostics at location (bad383c2)
2026-09-02T22:52:39.7282290-05:00  [INF] No code actions available (565d08ea)
2026-09-02T22:52:39.8938400-05:00  [INF] Code action requested for "file:///tmp/nsharp-ide-verify/examples/12-multi-file-projects/WeatherDemo/Services/WeatherService.nl" at "[start: (20, 34), end: (20, 34)]" (cf91c2c6)
2026-09-02T22:52:39.8938730-05:00  [INF] Found 0 diagnostics at location (bad383c2)
2026-09-02T22:52:39.8938800-05:00  [INF] No code actions available (565d08ea)
2026-09-02T22:53:03.0909880-05:00  [INF] Updating document: "file:///tmp/nsharp-ide-verify/examples/12-multi-file-projects/WeatherDemo/Program.nl" (version 6) (c053146b)
2026-09-02T22:53:03.1021220-05:00  [INF] Document updated successfully with 0 diagnostics (0 parse errors) (e67c2ea2)
2026-09-02T22:53:03.1853690-05:00  [INF] Published 0 diagnostics for "file:///tmp/nsharp-ide-verify/examples/12-multi-file-projects/WeatherDemo/Models/WeatherForecast.nl" (98dae7bf)
2026-09-02T22:53:03.1855320-05:00  [INF] Published 1 diagnostics for "file:///tmp/nsharp-ide-verify/examples/12-multi-file-projects/WeatherDemo/Program.nl" (98dae7bf)
2026-09-02T22:53:03.1855690-05:00  [INF] Published 0 diagnostics for "file:///tmp/nsharp-ide-verify/examples/12-multi-file-projects/WeatherDemo/Services/WeatherService.nl" (98dae7bf)
2026-09-02T22:53:03.1866450-05:00  [INF] File watcher event: Changed "/tmp/nsharp-ide-verify/examples/12-multi-file-projects/WeatherDemo/Program.nl" (2a46ac63)
2026-09-02T22:53:03.1866950-05:00  [INF] File watcher event: Changed "/tmp/nsharp-ide-verify/examples/12-multi-file-projects/WeatherDemo/Program.nl" (2a46ac63)
2026-09-02T22:53:03.1867050-05:00  [INF] File watcher event: Changed "/tmp/nsharp-ide-verify/examples/12-multi-file-projects/WeatherDemo/Program.nl" (2a46ac63)
2026-09-02T22:53:03.1867100-05:00  [INF] File watcher event: Changed "/tmp/nsharp-ide-verify/examples/12-multi-file-projects/WeatherDemo/Program.nl" (2a46ac63)
2026-09-02T22:53:03.7822110-05:00  [INF] Code action requested for "file:///tmp/nsharp-ide-verify/examples/12-multi-file-projects/WeatherDemo/Program.nl" at "[start: (0, 0), end: (0, 0)]" (cf91c2c6)
2026-09-02T22:53:03.7822880-05:00  [INF] Found 0 diagnostics at location (bad383c2)
2026-09-02T22:53:03.7822960-05:00  [INF] No code actions available (565d08ea)
2026-09-02T22:53:03.8935870-05:00  [INF] Code action requested for "file:///tmp/nsharp-ide-verify/examples/12-multi-file-projects/WeatherDemo/Program.nl" at "[start: (7, 18), end: (7, 18)]" (cf91c2c6)
2026-09-02T22:53:03.8937120-05:00  [INF] Found 1 diagnostics at location (bad383c2)
2026-09-02T22:53:03.8968380-05:00  [INF] Found 1 fixes for diagnostic "NL002" (06f9f62d)
2026-09-02T22:53:03.9179980-05:00  [INF] Returning 1 code actions (5b5a15ff)
2026-09-02T22:53:04.0457170-05:00  [INF] Code action requested for "file:///tmp/nsharp-ide-verify/examples/12-multi-file-projects/WeatherDemo/Program.nl" at "[start: (7, 18), end: (7, 18)]" (cf91c2c6)
2026-09-02T22:53:04.0458110-05:00  [INF] Found 1 diagnostics at location (bad383c2)
2026-09-02T22:53:04.0458510-05:00  [INF] Found 1 fixes for diagnostic "NL002" (06f9f62d)
2026-09-02T22:53:04.0458990-05:00  [INF] Returning 1 code actions (5b5a15ff)
2026-09-02T22:53:04.9573310-05:00  [INF] File watcher event: Changed "/tmp/nsharp-ide-verify/examples/12-multi-file-projects/WeatherDemo/Program.nl" (2a46ac63)
2026-09-02T22:53:04.9577600-05:00  [INF] File watcher event: Changed "/tmp/nsharp-ide-verify/examples/12-multi-file-projects/WeatherDemo/Program.nl" (2a46ac63)
2026-09-02T22:53:35.7091320-05:00  [INF] Updating document: "file:///tmp/nsharp-ide-verify/examples/12-multi-file-projects/WeatherDemo/Program.nl" (version 7) (c053146b)
2026-09-02T22:53:35.7226410-05:00  [INF] Document updated successfully with 0 diagnostics (0 parse errors) (e67c2ea2)
2026-09-02T22:53:35.7788450-05:00  [INF] Published 0 diagnostics for "file:///tmp/nsharp-ide-verify/examples/12-multi-file-projects/WeatherDemo/Models/WeatherForecast.nl" (98dae7bf)
2026-09-02T22:53:35.7789560-05:00  [INF] Published 0 diagnostics for "file:///tmp/nsharp-ide-verify/examples/12-multi-file-projects/WeatherDemo/Program.nl" (98dae7bf)
2026-09-02T22:53:35.7789890-05:00  [INF] Published 0 diagnostics for "file:///tmp/nsharp-ide-verify/examples/12-multi-file-projects/WeatherDemo/Services/WeatherService.nl" (98dae7bf)
2026-09-02T22:53:35.7798670-05:00  [INF] Code action requested for "file:///tmp/nsharp-ide-verify/examples/12-multi-file-projects/WeatherDemo/Program.nl" at "[start: (8, 18), end: (8, 18)]" (cf91c2c6)
2026-09-02T22:53:35.7799120-05:00  [INF] Found 0 diagnostics at location (bad383c2)
2026-09-02T22:53:35.7799200-05:00  [INF] No code actions available (565d08ea)
2026-09-02T22:53:36.0360050-05:00  [INF] Code action requested for "file:///tmp/nsharp-ide-verify/examples/12-multi-file-projects/WeatherDemo/Program.nl" at "[start: (8, 18), end: (8, 18)]" (cf91c2c6)
2026-09-02T22:53:36.0360510-05:00  [INF] Found 0 diagnostics at location (bad383c2)
2026-09-02T22:53:36.0360580-05:00  [INF] No code actions available (565d08ea)
2026-09-02T22:53:36.7203580-05:00  [INF] Document saved: "file:///tmp/nsharp-ide-verify/examples/12-multi-file-projects/WeatherDemo/Program.nl" (72dbcfe6)
2026-09-02T22:53:36.7830150-05:00  [INF] Published 0 diagnostics for "file:///tmp/nsharp-ide-verify/examples/12-multi-file-projects/WeatherDemo/Models/WeatherForecast.nl" (98dae7bf)
2026-09-02T22:53:36.7830930-05:00  [INF] Published 0 diagnostics for "file:///tmp/nsharp-ide-verify/examples/12-multi-file-projects/WeatherDemo/Program.nl" (98dae7bf)
2026-09-02T22:53:36.7831330-05:00  [INF] Published 0 diagnostics for "file:///tmp/nsharp-ide-verify/examples/12-multi-file-projects/WeatherDemo/Services/WeatherService.nl" (98dae7bf)
2026-09-02T22:53:37.0590540-05:00  [INF] File watcher event: Changed "/tmp/nsharp-ide-verify/examples/12-multi-file-projects/WeatherDemo/Program.nl" (2a46ac63)
2026-09-02T22:53:37.0591050-05:00  [INF] File watcher event: Changed "/tmp/nsharp-ide-verify/examples/12-multi-file-projects/WeatherDemo/Program.nl" (2a46ac63)
2026-09-02T22:53:37.0591120-05:00  [INF] File watcher event: Changed "/tmp/nsharp-ide-verify/examples/12-multi-file-projects/WeatherDemo/Program.nl" (2a46ac63)
2026-09-02T22:53:37.0591190-05:00  [INF] File watcher event: Changed "/tmp/nsharp-ide-verify/examples/12-multi-file-projects/WeatherDemo/Program.nl" (2a46ac63)
2026-09-02T22:54:22.3982900-05:00  [INF] Updating document: "file:///tmp/nsharp-ide-verify/examples/12-multi-file-projects/WeatherDemo/Program.nl" (version 8) (c053146b)
2026-09-02T22:54:22.4063210-05:00  [INF] Document updated successfully with 0 diagnostics (0 parse errors) (e67c2ea2)
2026-09-02T22:54:22.4690680-05:00  [INF] Published 0 diagnostics for "file:///tmp/nsharp-ide-verify/examples/12-multi-file-projects/WeatherDemo/Models/WeatherForecast.nl" (98dae7bf)
2026-09-02T22:54:22.4696400-05:00  [INF] Published 0 diagnostics for "file:///tmp/nsharp-ide-verify/examples/12-multi-file-projects/WeatherDemo/Program.nl" (98dae7bf)
2026-09-02T22:54:22.4699200-05:00  [INF] Published 0 diagnostics for "file:///tmp/nsharp-ide-verify/examples/12-multi-file-projects/WeatherDemo/Services/WeatherService.nl" (98dae7bf)
