2026-09-02T10:58:35.6657220-05:00  [INF] DocumentManager initialized with shared Analyzer (system assemblies loaded) (36ec1433)
2026-09-02T10:58:36.2142290-05:00  [INF] N# Language Server initialized (bc2de953)
2026-09-02T10:58:36.2150760-05:00  [INF] Client: "Visual Studio Code" "1.134.0" (76fb3e8a)
2026-09-02T10:58:36.3049180-05:00  [INF] Scanning workspace for .nl files: "/tmp/nsharp-ide-verify/examples/12-multi-file-projects/WeatherDemo" (62c60a32)
2026-09-02T10:58:36.3167580-05:00  [INF] Updating document: "file:///tmp/nsharp-ide-verify/examples/12-multi-file-projects/WeatherDemo/Program.nl" (version 0) (c053146b)
2026-09-02T10:58:36.4073830-05:00  [INF] Loading assemblies for new project directory: "/tmp/nsharp-ide-verify/examples/12-multi-file-projects/WeatherDemo" (06d8673e)
2026-09-02T10:58:36.5350990-05:00  [INF] Document updated successfully with 0 diagnostics (0 parse errors) (e67c2ea2)
2026-09-02T10:58:36.5352950-05:00  [INF] Updating document: "file:///tmp/nsharp-ide-verify/examples/12-multi-file-projects/WeatherDemo/Highlighting.nl" (version 0) (c053146b)
2026-09-02T10:58:36.5469800-05:00  [INF] Document updated successfully with 0 diagnostics (0 parse errors) (e67c2ea2)
2026-09-02T10:58:36.5471180-05:00  [INF] Updating document: "file:///tmp/nsharp-ide-verify/examples/12-multi-file-projects/WeatherDemo/Models/WeatherForecast.nl" (version 0) (c053146b)
2026-09-02T10:58:36.5474590-05:00  [INF] Loading assemblies for new project directory: "/tmp/nsharp-ide-verify/examples/12-multi-file-projects/WeatherDemo/Models" (06d8673e)
2026-09-02T10:58:36.5510890-05:00  [INF] Document updated successfully with 0 diagnostics (0 parse errors) (e67c2ea2)
2026-09-02T10:58:36.5512110-05:00  [INF] Updating document: "file:///tmp/nsharp-ide-verify/examples/12-multi-file-projects/WeatherDemo/Services/WeatherService.nl" (version 0) (c053146b)
2026-09-02T10:58:36.5517210-05:00  [INF] Loading assemblies for new project directory: "/tmp/nsharp-ide-verify/examples/12-multi-file-projects/WeatherDemo/Services" (06d8673e)
2026-09-02T10:58:36.6677850-05:00  [INF] Document updated successfully with 12 diagnostics (0 parse errors) (e67c2ea2)
2026-09-02T10:58:36.6678680-05:00  [INF] Workspace scan loaded 4 .nl files from "/tmp/nsharp-ide-verify/examples/12-multi-file-projects/WeatherDemo" (fe82df23)
2026-09-02T10:58:36.7544970-05:00  [WRN] Tried to send request or notification before initialization was completed and will be sent later OutgoingNotification { Method: "textDocument/publishDiagnostics", Params: PublishDiagnosticsParams { Uri: DocumentUri { Scheme: "file", Authority: "", Path: "/tmp/nsharp-ide-verify/examples/12-multi-file-projects/WeatherDemo/Highlighting.nl", Query: "", Fragment: "" }, Version: null, Diagnostics: [] }, TraceParent: null, TraceState: null } (829f99bc)
2026-09-02T10:58:36.7555220-05:00  [WRN] Tried to send request or notification before initialization was completed and will be sent later OutgoingNotification { Method: "textDocument/publishDiagnostics", Params: PublishDiagnosticsParams { Uri: DocumentUri { Scheme: "file", Authority: "", Path: "/tmp/nsharp-ide-verify/examples/12-multi-file-projects/WeatherDemo/Models/WeatherForecast.nl", Query: "", Fragment: "" }, Version: null, Diagnostics: [] }, TraceParent: null, TraceState: null } (829f99bc)
2026-09-02T10:58:36.7558300-05:00  [WRN] Tried to send request or notification before initialization was completed and will be sent later OutgoingNotification { Method: "textDocument/publishDiagnostics", Params: PublishDiagnosticsParams { Uri: DocumentUri { Scheme: "file", Authority: "", Path: "/tmp/nsharp-ide-verify/examples/12-multi-file-projects/WeatherDemo/Program.nl", Query: "", Fragment: "" }, Version: null, Diagnostics: [] }, TraceParent: null, TraceState: null } (829f99bc)
2026-09-02T10:58:36.7560040-05:00  [WRN] Tried to send request or notification before initialization was completed and will be sent later OutgoingNotification { Method: "textDocument/publishDiagnostics", Params: PublishDiagnosticsParams { Uri: DocumentUri { Scheme: "file", Authority: "", Path: "/tmp/nsharp-ide-verify/examples/12-multi-file-projects/WeatherDemo/Services/WeatherService.nl", Query: "", Fragment: "" }, Version: null, Diagnostics: [] }, TraceParent: null, TraceState: null } (829f99bc)
2026-09-02T10:58:36.7570590-05:00  [WRN] Tried to send request or notification before initialization was completed and will be sent later OutgoingNotification { Method: "textDocument/publishDiagnostics", Params: PublishDiagnosticsParams { Uri: DocumentUri { Scheme: "file", Authority: "", Path: "/tmp/nsharp-ide-verify/examples/12-multi-file-projects/WeatherDemo/Highlighting.nl", Query: "", Fragment: "" }, Version: null, Diagnostics: [] }, TraceParent: null, TraceState: null } (829f99bc)
2026-09-02T10:58:36.7572580-05:00  [WRN] Tried to send request or notification before initialization was completed and will be sent later OutgoingNotification { Method: "textDocument/publishDiagnostics", Params: PublishDiagnosticsParams { Uri: DocumentUri { Scheme: "file", Authority: "", Path: "/tmp/nsharp-ide-verify/examples/12-multi-file-projects/WeatherDemo/Models/WeatherForecast.nl", Query: "", Fragment: "" }, Version: null, Diagnostics: [] }, TraceParent: null, TraceState: null } (829f99bc)
2026-09-02T10:58:36.7573900-05:00  [WRN] Tried to send request or notification before initialization was completed and will be sent later OutgoingNotification { Method: "textDocument/publishDiagnostics", Params: PublishDiagnosticsParams { Uri: DocumentUri { Scheme: "file", Authority: "", Path: "/tmp/nsharp-ide-verify/examples/12-multi-file-projects/WeatherDemo/Program.nl", Query: "", Fragment: "" }, Version: null, Diagnostics: [] }, TraceParent: null, TraceState: null } (829f99bc)
2026-09-02T10:58:36.7574700-05:00  [WRN] Tried to send request or notification before initialization was completed and will be sent later OutgoingNotification { Method: "textDocument/publishDiagnostics", Params: PublishDiagnosticsParams { Uri: DocumentUri { Scheme: "file", Authority: "", Path: "/tmp/nsharp-ide-verify/examples/12-multi-file-projects/WeatherDemo/Services/WeatherService.nl", Query: "", Fragment: "" }, Version: null, Diagnostics: [] }, TraceParent: null, TraceState: null } (829f99bc)
2026-09-02T10:58:36.7581300-05:00  [WRN] Tried to send request or notification before initialization was completed and will be sent later OutgoingNotification { Method: "textDocument/publishDiagnostics", Params: PublishDiagnosticsParams { Uri: DocumentUri { Scheme: "file", Authority: "", Path: "/tmp/nsharp-ide-verify/examples/12-multi-file-projects/WeatherDemo/Highlighting.nl", Query: "", Fragment: "" }, Version: null, Diagnostics: [] }, TraceParent: null, TraceState: null } (829f99bc)
2026-09-02T10:58:36.7583120-05:00  [WRN] Tried to send request or notification before initialization was completed and will be sent later OutgoingNotification { Method: "textDocument/publishDiagnostics", Params: PublishDiagnosticsParams { Uri: DocumentUri { Scheme: "file", Authority: "", Path: "/tmp/nsharp-ide-verify/examples/12-multi-file-projects/WeatherDemo/Models/WeatherForecast.nl", Query: "", Fragment: "" }, Version: null, Diagnostics: [] }, TraceParent: null, TraceState: null } (829f99bc)
2026-09-02T10:58:36.7584170-05:00  [WRN] Tried to send request or notification before initialization was completed and will be sent later OutgoingNotification { Method: "textDocument/publishDiagnostics", Params: PublishDiagnosticsParams { Uri: DocumentUri { Scheme: "file", Authority: "", Path: "/tmp/nsharp-ide-verify/examples/12-multi-file-projects/WeatherDemo/Program.nl", Query: "", Fragment: "" }, Version: null, Diagnostics: [] }, TraceParent: null, TraceState: null } (829f99bc)
2026-09-02T10:58:36.7584790-05:00  [WRN] Tried to send request or notification before initialization was completed and will be sent later OutgoingNotification { Method: "textDocument/publishDiagnostics", Params: PublishDiagnosticsParams { Uri: DocumentUri { Scheme: "file", Authority: "", Path: "/tmp/nsharp-ide-verify/examples/12-multi-file-projects/WeatherDemo/Services/WeatherService.nl", Query: "", Fragment: "" }, Version: null, Diagnostics: [] }, TraceParent: null, TraceState: null } (829f99bc)
2026-09-02T10:58:36.7589750-05:00  [WRN] Tried to send request or notification before initialization was completed and will be sent later OutgoingNotification { Method: "textDocument/publishDiagnostics", Params: PublishDiagnosticsParams { Uri: DocumentUri { Scheme: "file", Authority: "", Path: "/tmp/nsharp-ide-verify/examples/12-multi-file-projects/WeatherDemo/Highlighting.nl", Query: "", Fragment: "" }, Version: null, Diagnostics: [] }, TraceParent: null, TraceState: null } (829f99bc)
2026-09-02T10:58:36.7590540-05:00  [WRN] Tried to send request or notification before initialization was completed and will be sent later OutgoingNotification { Method: "textDocument/publishDiagnostics", Params: PublishDiagnosticsParams { Uri: DocumentUri { Scheme: "file", Authority: "", Path: "/tmp/nsharp-ide-verify/examples/12-multi-file-projects/WeatherDemo/Models/WeatherForecast.nl", Query: "", Fragment: "" }, Version: null, Diagnostics: [] }, TraceParent: null, TraceState: null } (829f99bc)
2026-09-02T10:58:36.7591100-05:00  [WRN] Tried to send request or notification before initialization was completed and will be sent later OutgoingNotification { Method: "textDocument/publishDiagnostics", Params: PublishDiagnosticsParams { Uri: DocumentUri { Scheme: "file", Authority: "", Path: "/tmp/nsharp-ide-verify/examples/12-multi-file-projects/WeatherDemo/Program.nl", Query: "", Fragment: "" }, Version: null, Diagnostics: [] }, TraceParent: null, TraceState: null } (829f99bc)
2026-09-02T10:58:36.7591570-05:00  [WRN] Tried to send request or notification before initialization was completed and will be sent later OutgoingNotification { Method: "textDocument/publishDiagnostics", Params: PublishDiagnosticsParams { Uri: DocumentUri { Scheme: "file", Authority: "", Path: "/tmp/nsharp-ide-verify/examples/12-multi-file-projects/WeatherDemo/Services/WeatherService.nl", Query: "", Fragment: "" }, Version: null, Diagnostics: [] }, TraceParent: null, TraceState: null } (829f99bc)
2026-09-02T10:58:36.7591960-05:00  [INF] Published workspace diagnostics for 4 files (2e239605)
2026-09-02T10:58:36.8647890-05:00  [WRN] No ConfigurationItems have been defined, configuration won't surface any configuration from the client! (60a934b9)
2026-09-02T11:13:16.0645460-05:00  [INF] Document opened: "file:///tmp/nsharp-ide-verify/examples/12-multi-file-projects/WeatherDemo/Highlighting.nl" (ec704f34)
2026-09-02T11:13:16.0656390-05:00  [INF] Updating document: "file:///tmp/nsharp-ide-verify/examples/12-multi-file-projects/WeatherDemo/Highlighting.nl" (version 1) (c053146b)
2026-09-02T11:13:16.0954140-05:00  [INF] Document updated successfully with 0 diagnostics (0 parse errors) (e67c2ea2)
2026-09-02T11:13:16.4425010-05:00  [INF] Published 0 diagnostics for "file:///tmp/nsharp-ide-verify/examples/12-multi-file-projects/WeatherDemo/Highlighting.nl" (98dae7bf)
2026-09-02T11:13:16.4429940-05:00  [INF] Published 0 diagnostics for "file:///tmp/nsharp-ide-verify/examples/12-multi-file-projects/WeatherDemo/Models/WeatherForecast.nl" (98dae7bf)
2026-09-02T11:13:16.4431470-05:00  [INF] Published 0 diagnostics for "file:///tmp/nsharp-ide-verify/examples/12-multi-file-projects/WeatherDemo/Program.nl" (98dae7bf)
2026-09-02T11:13:16.4432730-05:00  [INF] Published 0 diagnostics for "file:///tmp/nsharp-ide-verify/examples/12-multi-file-projects/WeatherDemo/Services/WeatherService.nl" (98dae7bf)
2026-09-02T11:13:16.4802850-05:00  [INF] Code action requested for "file:///tmp/nsharp-ide-verify/examples/12-multi-file-projects/WeatherDemo/Highlighting.nl" at "[start: (0, 0), end: (0, 0)]" (cf91c2c6)
2026-09-02T11:13:16.4812660-05:00  [INF] Found 0 diagnostics at location (bad383c2)
2026-09-02T11:13:16.4813910-05:00  [INF] No code actions available (565d08ea)
2026-09-02T11:13:16.5865800-05:00  [INF] Code action requested for "file:///tmp/nsharp-ide-verify/examples/12-multi-file-projects/WeatherDemo/Highlighting.nl" at "[start: (0, 0), end: (0, 0)]" (cf91c2c6)
2026-09-02T11:13:16.5867220-05:00  [INF] Found 0 diagnostics at location (bad383c2)
2026-09-02T11:13:16.5867580-05:00  [INF] No code actions available (565d08ea)
2026-09-02T11:15:06.0207670-05:00  [INF] Document closed: "file:///tmp/nsharp-ide-verify/examples/12-multi-file-projects/WeatherDemo/Highlighting.nl" (a7fc0bc1)
2026-09-02T11:15:06.0282920-05:00  [INF] Updating document: "file:///tmp/nsharp-ide-verify/examples/12-multi-file-projects/WeatherDemo/Highlighting.nl" (version 0) (c053146b)
2026-09-02T11:15:06.0499870-05:00  [INF] Document updated successfully with 0 diagnostics (0 parse errors) (e67c2ea2)
2026-09-02T11:15:06.5689140-05:00  [INF] Published 0 diagnostics for "file:///tmp/nsharp-ide-verify/examples/12-multi-file-projects/WeatherDemo/Highlighting.nl" (98dae7bf)
2026-09-02T11:15:06.5696160-05:00  [INF] Published 0 diagnostics for "file:///tmp/nsharp-ide-verify/examples/12-multi-file-projects/WeatherDemo/Models/WeatherForecast.nl" (98dae7bf)
2026-09-02T11:15:06.5703080-05:00  [INF] Published 0 diagnostics for "file:///tmp/nsharp-ide-verify/examples/12-multi-file-projects/WeatherDemo/Program.nl" (98dae7bf)
2026-09-02T11:15:06.5709190-05:00  [INF] Published 0 diagnostics for "file:///tmp/nsharp-ide-verify/examples/12-multi-file-projects/WeatherDemo/Services/WeatherService.nl" (98dae7bf)
2026-09-02T11:15:06.5786350-05:00  [INF] Document opened: "file:///tmp/nsharp-ide-verify/examples/12-multi-file-projects/WeatherDemo/Program.nl" (ec704f34)
2026-09-02T11:15:06.5787340-05:00  [INF] Updating document: "file:///tmp/nsharp-ide-verify/examples/12-multi-file-projects/WeatherDemo/Program.nl" (version 1) (c053146b)
2026-09-02T11:15:06.5912570-05:00  [INF] Document updated successfully with 0 diagnostics (0 parse errors) (e67c2ea2)
2026-09-02T11:15:06.8830560-05:00  [INF] Published 0 diagnostics for "file:///tmp/nsharp-ide-verify/examples/12-multi-file-projects/WeatherDemo/Highlighting.nl" (98dae7bf)
2026-09-02T11:15:06.8834880-05:00  [INF] Published 0 diagnostics for "file:///tmp/nsharp-ide-verify/examples/12-multi-file-projects/WeatherDemo/Models/WeatherForecast.nl" (98dae7bf)
2026-09-02T11:15:06.8839290-05:00  [INF] Published 0 diagnostics for "file:///tmp/nsharp-ide-verify/examples/12-multi-file-projects/WeatherDemo/Program.nl" (98dae7bf)
2026-09-02T11:15:06.8841680-05:00  [INF] Published 0 diagnostics for "file:///tmp/nsharp-ide-verify/examples/12-multi-file-projects/WeatherDemo/Services/WeatherService.nl" (98dae7bf)
2026-09-02T11:15:06.8869980-05:00  [INF] Code action requested for "file:///tmp/nsharp-ide-verify/examples/12-multi-file-projects/WeatherDemo/Program.nl" at "[start: (0, 0), end: (0, 0)]" (cf91c2c6)
2026-09-02T11:15:06.8870840-05:00  [INF] Found 0 diagnostics at location (bad383c2)
2026-09-02T11:15:06.8871180-05:00  [INF] No code actions available (565d08ea)
2026-09-02T11:15:06.9585290-05:00  [INF] Code action requested for "file:///tmp/nsharp-ide-verify/examples/12-multi-file-projects/WeatherDemo/Program.nl" at "[start: (0, 0), end: (0, 0)]" (cf91c2c6)
2026-09-02T11:15:06.9586530-05:00  [INF] Found 0 diagnostics at location (bad383c2)
2026-09-02T11:15:06.9586840-05:00  [INF] No code actions available (565d08ea)
2026-09-02T11:16:39.1973730-05:00  [INF] Updating document: "file:///tmp/nsharp-ide-verify/examples/12-multi-file-projects/WeatherDemo/Program.nl" (version 2) (c053146b)
2026-09-02T11:16:39.2058490-05:00  [INF] Document updated successfully with 1 diagnostics (0 parse errors) (e67c2ea2)
2026-09-02T11:16:39.2787450-05:00  [INF] Published 0 diagnostics for "file:///tmp/nsharp-ide-verify/examples/12-multi-file-projects/WeatherDemo/Highlighting.nl" (98dae7bf)
2026-09-02T11:16:39.2788860-05:00  [INF] Published 0 diagnostics for "file:///tmp/nsharp-ide-verify/examples/12-multi-file-projects/WeatherDemo/Models/WeatherForecast.nl" (98dae7bf)
2026-09-02T11:16:39.2905600-05:00  [INF] Published 1 diagnostics for "file:///tmp/nsharp-ide-verify/examples/12-multi-file-projects/WeatherDemo/Program.nl" (98dae7bf)
2026-09-02T11:16:39.2911900-05:00  [INF] Published 0 diagnostics for "file:///tmp/nsharp-ide-verify/examples/12-multi-file-projects/WeatherDemo/Services/WeatherService.nl" (98dae7bf)
2026-09-02T11:16:39.3122640-05:00  [INF] File watcher event: Changed "/tmp/nsharp-ide-verify/examples/12-multi-file-projects/WeatherDemo/Program.nl" (2a46ac63)
2026-09-02T11:16:39.3125930-05:00  [INF] File watcher event: Changed "/tmp/nsharp-ide-verify/examples/12-multi-file-projects/WeatherDemo/Program.nl" (2a46ac63)
2026-09-02T11:16:39.5691740-05:00  [INF] Code action requested for "file:///tmp/nsharp-ide-verify/examples/12-multi-file-projects/WeatherDemo/Program.nl" at "[start: (0, 0), end: (0, 0)]" (cf91c2c6)
2026-09-02T11:16:39.5692430-05:00  [INF] Found 0 diagnostics at location (bad383c2)
2026-09-02T11:16:39.5692540-05:00  [INF] No code actions available (565d08ea)
2026-09-02T11:16:40.6946590-05:00  [INF] Code action requested for "file:///tmp/nsharp-ide-verify/examples/12-multi-file-projects/WeatherDemo/Program.nl" at "[start: (16, 21), end: (16, 21)]" (cf91c2c6)
2026-09-02T11:16:40.6950890-05:00  [INF] Found 1 diagnostics at location (bad383c2)
2026-09-02T11:16:40.6964480-05:00  [INF] Found 0 fixes for diagnostic "NL202" (06f9f62d)
2026-09-02T11:16:40.6965140-05:00  [INF] No code actions available (565d08ea)
2026-09-02T11:17:17.9833820-05:00  [INF] Code action requested for "file:///tmp/nsharp-ide-verify/examples/12-multi-file-projects/WeatherDemo/Program.nl" at "[start: (16, 21), end: (16, 28)]" (cf91c2c6)
2026-09-02T11:17:17.9834600-05:00  [INF] Found 1 diagnostics at location (bad383c2)
2026-09-02T11:17:17.9835040-05:00  [INF] Found 0 fixes for diagnostic "NL202" (06f9f62d)
2026-09-02T11:17:17.9835140-05:00  [INF] No code actions available (565d08ea)
2026-09-02T11:18:08.1131200-05:00  [INF] Code action requested for "file:///tmp/nsharp-ide-verify/examples/12-multi-file-projects/WeatherDemo/Program.nl" at "[start: (16, 21), end: (16, 28)]" (cf91c2c6)
2026-09-02T11:18:08.1132270-05:00  [INF] Found 1 diagnostics at location (bad383c2)
2026-09-02T11:18:08.1132850-05:00  [INF] Found 0 fixes for diagnostic "NL202" (06f9f62d)
2026-09-02T11:18:08.1132950-05:00  [INF] No code actions available (565d08ea)
2026-09-02T11:18:26.4671870-05:00  [INF] Updating document: "file:///tmp/nsharp-ide-verify/examples/12-multi-file-projects/WeatherDemo/Program.nl" (version 3) (c053146b)
2026-09-02T11:18:26.4974170-05:00  [INF] Document updated successfully with 0 diagnostics (0 parse errors) (e67c2ea2)
2026-09-02T11:18:26.5549910-05:00  [INF] Published 0 diagnostics for "file:///tmp/nsharp-ide-verify/examples/12-multi-file-projects/WeatherDemo/Highlighting.nl" (98dae7bf)
2026-09-02T11:18:26.5551330-05:00  [INF] Published 0 diagnostics for "file:///tmp/nsharp-ide-verify/examples/12-multi-file-projects/WeatherDemo/Models/WeatherForecast.nl" (98dae7bf)
2026-09-02T11:18:26.5552070-05:00  [INF] Published 0 diagnostics for "file:///tmp/nsharp-ide-verify/examples/12-multi-file-projects/WeatherDemo/Program.nl" (98dae7bf)
2026-09-02T11:18:26.5552610-05:00  [INF] Published 0 diagnostics for "file:///tmp/nsharp-ide-verify/examples/12-multi-file-projects/WeatherDemo/Services/WeatherService.nl" (98dae7bf)
2026-09-02T11:18:26.6515100-05:00  [INF] File watcher event: Changed "/tmp/nsharp-ide-verify/examples/12-multi-file-projects/WeatherDemo/Program.nl" (2a46ac63)
2026-09-02T11:18:26.6517380-05:00  [INF] File watcher event: Changed "/tmp/nsharp-ide-verify/examples/12-multi-file-projects/WeatherDemo/Program.nl" (2a46ac63)
2026-09-02T11:18:47.6478890-05:00  [INF] Updating document: "file:///tmp/nsharp-ide-verify/examples/12-multi-file-projects/WeatherDemo/Program.nl" (version 4) (c053146b)
2026-09-02T11:18:47.6605470-05:00  [INF] Document updated successfully with 0 diagnostics (0 parse errors) (e67c2ea2)
2026-09-02T11:18:47.7717850-05:00  [INF] Published 0 diagnostics for "file:///tmp/nsharp-ide-verify/examples/12-multi-file-projects/WeatherDemo/Highlighting.nl" (98dae7bf)
2026-09-02T11:18:47.7719320-05:00  [INF] Published 0 diagnostics for "file:///tmp/nsharp-ide-verify/examples/12-multi-file-projects/WeatherDemo/Models/WeatherForecast.nl" (98dae7bf)
2026-09-02T11:18:47.7719930-05:00  [INF] Published 0 diagnostics for "file:///tmp/nsharp-ide-verify/examples/12-multi-file-projects/WeatherDemo/Program.nl" (98dae7bf)
2026-09-02T11:18:47.7720340-05:00  [INF] Published 0 diagnostics for "file:///tmp/nsharp-ide-verify/examples/12-multi-file-projects/WeatherDemo/Services/WeatherService.nl" (98dae7bf)
2026-09-02T11:18:47.8347940-05:00  [INF] File watcher event: Changed "/tmp/nsharp-ide-verify/examples/12-multi-file-projects/WeatherDemo/Program.nl" (2a46ac63)
2026-09-02T11:18:47.8350510-05:00  [INF] File watcher event: Changed "/tmp/nsharp-ide-verify/examples/12-multi-file-projects/WeatherDemo/Program.nl" (2a46ac63)
2026-09-02T11:19:23.7517090-05:00  [INF] Updating document: "file:///tmp/nsharp-ide-verify/examples/12-multi-file-projects/WeatherDemo/Program.nl" (version 5) (c053146b)
2026-09-02T11:19:23.7600920-05:00  [INF] Document updated successfully with 0 diagnostics (0 parse errors) (e67c2ea2)
2026-09-02T11:19:23.8507880-05:00  [INF] Published 0 diagnostics for "file:///tmp/nsharp-ide-verify/examples/12-multi-file-projects/WeatherDemo/Highlighting.nl" (98dae7bf)
2026-09-02T11:19:23.8510040-05:00  [INF] Published 0 diagnostics for "file:///tmp/nsharp-ide-verify/examples/12-multi-file-projects/WeatherDemo/Models/WeatherForecast.nl" (98dae7bf)
2026-09-02T11:19:23.8511240-05:00  [INF] Published 0 diagnostics for "file:///tmp/nsharp-ide-verify/examples/12-multi-file-projects/WeatherDemo/Program.nl" (98dae7bf)
2026-09-02T11:19:23.8511930-05:00  [INF] Published 0 diagnostics for "file:///tmp/nsharp-ide-verify/examples/12-multi-file-projects/WeatherDemo/Services/WeatherService.nl" (98dae7bf)
2026-09-02T11:19:23.9886890-05:00  [INF] File watcher event: Changed "/tmp/nsharp-ide-verify/examples/12-multi-file-projects/WeatherDemo/Program.nl" (2a46ac63)
2026-09-02T11:19:23.9887490-05:00  [INF] File watcher event: Changed "/tmp/nsharp-ide-verify/examples/12-multi-file-projects/WeatherDemo/Program.nl" (2a46ac63)
2026-09-02T11:20:17.8399630-05:00  [INF] Updating document: "file:///tmp/nsharp-ide-verify/examples/12-multi-file-projects/WeatherDemo/Program.nl" (version 6) (c053146b)
2026-09-02T11:20:17.8480730-05:00  [INF] Document updated successfully with 0 diagnostics (0 parse errors) (e67c2ea2)
2026-09-02T11:20:17.9308960-05:00  [INF] Published 0 diagnostics for "file:///tmp/nsharp-ide-verify/examples/12-multi-file-projects/WeatherDemo/Highlighting.nl" (98dae7bf)
2026-09-02T11:20:17.9310700-05:00  [INF] Published 0 diagnostics for "file:///tmp/nsharp-ide-verify/examples/12-multi-file-projects/WeatherDemo/Models/WeatherForecast.nl" (98dae7bf)
2026-09-02T11:20:17.9311300-05:00  [INF] Published 0 diagnostics for "file:///tmp/nsharp-ide-verify/examples/12-multi-file-projects/WeatherDemo/Program.nl" (98dae7bf)
2026-09-02T11:20:17.9313850-05:00  [INF] Published 0 diagnostics for "file:///tmp/nsharp-ide-verify/examples/12-multi-file-projects/WeatherDemo/Services/WeatherService.nl" (98dae7bf)
2026-09-02T11:20:18.0171780-05:00  [INF] File watcher event: Changed "/tmp/nsharp-ide-verify/examples/12-multi-file-projects/WeatherDemo/Program.nl" (2a46ac63)
2026-09-02T11:20:18.0173140-05:00  [INF] File watcher event: Changed "/tmp/nsharp-ide-verify/examples/12-multi-file-projects/WeatherDemo/Program.nl" (2a46ac63)
2026-09-02T11:20:59.0940150-05:00  [INF] Updating document: "file:///tmp/nsharp-ide-verify/examples/12-multi-file-projects/WeatherDemo/Program.nl" (version 7) (c053146b)
2026-09-02T11:20:59.0999810-05:00  [INF] Document updated successfully with 0 diagnostics (0 parse errors) (e67c2ea2)
2026-09-02T11:20:59.1638880-05:00  [INF] Published 0 diagnostics for "file:///tmp/nsharp-ide-verify/examples/12-multi-file-projects/WeatherDemo/Highlighting.nl" (98dae7bf)
2026-09-02T11:20:59.1639820-05:00  [INF] Published 0 diagnostics for "file:///tmp/nsharp-ide-verify/examples/12-multi-file-projects/WeatherDemo/Models/WeatherForecast.nl" (98dae7bf)
2026-09-02T11:20:59.1640310-05:00  [INF] Published 0 diagnostics for "file:///tmp/nsharp-ide-verify/examples/12-multi-file-projects/WeatherDemo/Program.nl" (98dae7bf)
2026-09-02T11:20:59.1640660-05:00  [INF] Published 0 diagnostics for "file:///tmp/nsharp-ide-verify/examples/12-multi-file-projects/WeatherDemo/Services/WeatherService.nl" (98dae7bf)
2026-09-02T11:20:59.2697890-05:00  [INF] File watcher event: Changed "/tmp/nsharp-ide-verify/examples/12-multi-file-projects/WeatherDemo/Program.nl" (2a46ac63)
2026-09-02T11:20:59.2698540-05:00  [INF] File watcher event: Changed "/tmp/nsharp-ide-verify/examples/12-multi-file-projects/WeatherDemo/Program.nl" (2a46ac63)
2026-09-02T11:21:00.6688340-05:00  [INF] Document opened: "file:///tmp/nsharp-ide-verify/examples/12-multi-file-projects/WeatherDemo/Services/WeatherService.nl" (ec704f34)
2026-09-02T11:21:00.6689120-05:00  [INF] Updating document: "file:///tmp/nsharp-ide-verify/examples/12-multi-file-projects/WeatherDemo/Services/WeatherService.nl" (version 1) (c053146b)
2026-09-02T11:21:01.0484930-05:00  [INF] Document updated successfully with 12 diagnostics (0 parse errors) (e67c2ea2)
2026-09-02T11:21:01.1164680-05:00  [INF] Published 0 diagnostics for "file:///tmp/nsharp-ide-verify/examples/12-multi-file-projects/WeatherDemo/Highlighting.nl" (98dae7bf)
2026-09-02T11:21:01.1326990-05:00  [INF] Published 0 diagnostics for "file:///tmp/nsharp-ide-verify/examples/12-multi-file-projects/WeatherDemo/Models/WeatherForecast.nl" (98dae7bf)
2026-09-02T11:21:01.1329780-05:00  [INF] Published 0 diagnostics for "file:///tmp/nsharp-ide-verify/examples/12-multi-file-projects/WeatherDemo/Program.nl" (98dae7bf)
2026-09-02T11:21:01.1330560-05:00  [INF] Published 0 diagnostics for "file:///tmp/nsharp-ide-verify/examples/12-multi-file-projects/WeatherDemo/Services/WeatherService.nl" (98dae7bf)
2026-09-02T11:21:01.1344560-05:00  [INF] Code action requested for "file:///tmp/nsharp-ide-verify/examples/12-multi-file-projects/WeatherDemo/Services/WeatherService.nl" at "[start: (0, 0), end: (0, 0)]" (cf91c2c6)
2026-09-02T11:21:01.1345310-05:00  [INF] Found 0 diagnostics at location (bad383c2)
2026-09-02T11:21:01.1345480-05:00  [INF] No code actions available (565d08ea)
2026-09-02T11:21:01.1405320-05:00  [INF] Code action requested for "file:///tmp/nsharp-ide-verify/examples/12-multi-file-projects/WeatherDemo/Services/WeatherService.nl" at "[start: (20, 34), end: (20, 34)]" (cf91c2c6)
2026-09-02T11:21:01.1405680-05:00  [INF] Found 0 diagnostics at location (bad383c2)
2026-09-02T11:21:01.1405740-05:00  [INF] No code actions available (565d08ea)
2026-09-02T11:21:01.1471540-05:00  [INF] Code action requested for "file:///tmp/nsharp-ide-verify/examples/12-multi-file-projects/WeatherDemo/Services/WeatherService.nl" at "[start: (20, 34), end: (20, 34)]" (cf91c2c6)
2026-09-02T11:21:01.1471860-05:00  [INF] Found 0 diagnostics at location (bad383c2)
2026-09-02T11:21:01.1471910-05:00  [INF] No code actions available (565d08ea)
2026-09-02T11:21:01.7684110-05:00  [INF] File watcher event: Changed "/tmp/nsharp-ide-verify/examples/12-multi-file-projects/WeatherDemo/Services/WeatherService.nl" (2a46ac63)
2026-09-02T11:21:01.7685570-05:00  [INF] File watcher event: Changed "/tmp/nsharp-ide-verify/examples/12-multi-file-projects/WeatherDemo/Services/WeatherService.nl" (2a46ac63)
2026-09-02T11:22:53.7448540-05:00  [INF] Updating document: "file:///tmp/nsharp-ide-verify/examples/12-multi-file-projects/WeatherDemo/Program.nl" (version 8) (c053146b)
2026-09-02T11:22:53.7516950-05:00  [INF] Document updated successfully with 0 diagnostics (0 parse errors) (e67c2ea2)
2026-09-02T11:22:53.8181240-05:00  [INF] Published 0 diagnostics for "file:///tmp/nsharp-ide-verify/examples/12-multi-file-projects/WeatherDemo/Highlighting.nl" (98dae7bf)
2026-09-02T11:22:53.8182520-05:00  [INF] Published 0 diagnostics for "file:///tmp/nsharp-ide-verify/examples/12-multi-file-projects/WeatherDemo/Models/WeatherForecast.nl" (98dae7bf)
2026-09-02T11:22:53.8183240-05:00  [INF] Published 0 diagnostics for "file:///tmp/nsharp-ide-verify/examples/12-multi-file-projects/WeatherDemo/Program.nl" (98dae7bf)
2026-09-02T11:22:53.8183680-05:00  [INF] Published 0 diagnostics for "file:///tmp/nsharp-ide-verify/examples/12-multi-file-projects/WeatherDemo/Services/WeatherService.nl" (98dae7bf)
2026-09-02T11:22:53.8193380-05:00  [INF] File watcher event: Changed "/tmp/nsharp-ide-verify/examples/12-multi-file-projects/WeatherDemo/Program.nl" (2a46ac63)
2026-09-02T11:22:53.8194220-05:00  [INF] File watcher event: Changed "/tmp/nsharp-ide-verify/examples/12-multi-file-projects/WeatherDemo/Program.nl" (2a46ac63)
2026-09-02T11:22:55.0844040-05:00  [INF] Code action requested for "file:///tmp/nsharp-ide-verify/examples/12-multi-file-projects/WeatherDemo/Program.nl" at "[start: (0, 0), end: (0, 0)]" (cf91c2c6)
2026-09-02T11:22:55.0844610-05:00  [INF] Found 0 diagnostics at location (bad383c2)
2026-09-02T11:22:55.0844700-05:00  [INF] No code actions available (565d08ea)
2026-09-02T11:22:55.2709710-05:00  [INF] Code action requested for "file:///tmp/nsharp-ide-verify/examples/12-multi-file-projects/WeatherDemo/Program.nl" at "[start: (20, 29), end: (20, 29)]" (cf91c2c6)
2026-09-02T11:22:55.2710220-05:00  [INF] Found 0 diagnostics at location (bad383c2)
2026-09-02T11:22:55.2710350-05:00  [INF] No code actions available (565d08ea)
2026-09-02T11:22:55.3477660-05:00  [INF] Code action requested for "file:///tmp/nsharp-ide-verify/examples/12-multi-file-projects/WeatherDemo/Program.nl" at "[start: (20, 29), end: (20, 29)]" (cf91c2c6)
2026-09-02T11:22:55.3478110-05:00  [INF] Found 0 diagnostics at location (bad383c2)
2026-09-02T11:22:55.3478190-05:00  [INF] No code actions available (565d08ea)
2026-09-02T11:23:59.8127830-05:00  [INF] Updating document: "file:///tmp/nsharp-ide-verify/examples/12-multi-file-projects/WeatherDemo/Program.nl" (version 9) (c053146b)
2026-09-02T11:23:59.8200150-05:00  [INF] Document updated successfully with 1 diagnostics (1 parse errors) (e67c2ea2)
2026-09-02T11:23:59.8811140-05:00  [INF] Published 0 diagnostics for "file:///tmp/nsharp-ide-verify/examples/12-multi-file-projects/WeatherDemo/Highlighting.nl" (98dae7bf)
2026-09-02T11:23:59.8812150-05:00  [INF] Published 0 diagnostics for "file:///tmp/nsharp-ide-verify/examples/12-multi-file-projects/WeatherDemo/Models/WeatherForecast.nl" (98dae7bf)
2026-09-02T11:23:59.8813640-05:00  [INF] Published 1 diagnostics for "file:///tmp/nsharp-ide-verify/examples/12-multi-file-projects/WeatherDemo/Program.nl" (98dae7bf)
2026-09-02T11:23:59.8814060-05:00  [INF] Published 0 diagnostics for "file:///tmp/nsharp-ide-verify/examples/12-multi-file-projects/WeatherDemo/Services/WeatherService.nl" (98dae7bf)
2026-09-02T11:24:00.0564950-05:00  [INF] File watcher event: Changed "/tmp/nsharp-ide-verify/examples/12-multi-file-projects/WeatherDemo/Program.nl" (2a46ac63)
2026-09-02T11:24:00.0567430-05:00  [INF] File watcher event: Changed "/tmp/nsharp-ide-verify/examples/12-multi-file-projects/WeatherDemo/Program.nl" (2a46ac63)
2026-09-02T11:24:01.5986020-05:00  [INF] Code action requested for "file:///tmp/nsharp-ide-verify/examples/12-multi-file-projects/WeatherDemo/Program.nl" at "[start: (20, 20), end: (20, 20)]" (cf91c2c6)
2026-09-02T11:24:01.5986770-05:00  [INF] Found 0 diagnostics at location (bad383c2)
2026-09-02T11:24:01.5986930-05:00  [INF] No code actions available (565d08ea)
2026-09-02T11:26:37.5129060-05:00  [INF] Updating document: "file:///tmp/nsharp-ide-verify/examples/12-multi-file-projects/WeatherDemo/Program.nl" (version 10) (c053146b)
2026-09-02T11:26:37.5198230-05:00  [INF] Document updated successfully with 1 diagnostics (1 parse errors) (e67c2ea2)
2026-09-02T11:26:37.5810890-05:00  [INF] Published 0 diagnostics for "file:///tmp/nsharp-ide-verify/examples/12-multi-file-projects/WeatherDemo/Highlighting.nl" (98dae7bf)
2026-09-02T11:26:37.5811820-05:00  [INF] Published 0 diagnostics for "file:///tmp/nsharp-ide-verify/examples/12-multi-file-projects/WeatherDemo/Models/WeatherForecast.nl" (98dae7bf)
2026-09-02T11:26:37.5812940-05:00  [INF] Published 1 diagnostics for "file:///tmp/nsharp-ide-verify/examples/12-multi-file-projects/WeatherDemo/Program.nl" (98dae7bf)
2026-09-02T11:26:37.5813310-05:00  [INF] Published 0 diagnostics for "file:///tmp/nsharp-ide-verify/examples/12-multi-file-projects/WeatherDemo/Services/WeatherService.nl" (98dae7bf)
2026-09-02T11:26:37.6974940-05:00  [INF] File watcher event: Changed "/tmp/nsharp-ide-verify/examples/12-multi-file-projects/WeatherDemo/Program.nl" (2a46ac63)
2026-09-02T11:26:37.6976050-05:00  [INF] File watcher event: Changed "/tmp/nsharp-ide-verify/examples/12-multi-file-projects/WeatherDemo/Program.nl" (2a46ac63)
2026-09-02T11:26:39.0006870-05:00  [INF] Code action requested for "file:///tmp/nsharp-ide-verify/examples/12-multi-file-projects/WeatherDemo/Program.nl" at "[start: (20, 29), end: (20, 29)]" (cf91c2c6)
2026-09-02T11:26:39.0007310-05:00  [INF] Found 0 diagnostics at location (bad383c2)
2026-09-02T11:26:39.0007380-05:00  [INF] No code actions available (565d08ea)
2026-09-02T11:27:08.6245600-05:00  [INF] Updating document: "file:///tmp/nsharp-ide-verify/examples/12-multi-file-projects/WeatherDemo/Program.nl" (version 11) (c053146b)
2026-09-02T11:27:08.6324650-05:00  [INF] Document updated successfully with 1 diagnostics (1 parse errors) (e67c2ea2)
2026-09-02T11:27:08.7059510-05:00  [INF] Published 0 diagnostics for "file:///tmp/nsharp-ide-verify/examples/12-multi-file-projects/WeatherDemo/Highlighting.nl" (98dae7bf)
2026-09-02T11:27:08.7060500-05:00  [INF] Published 0 diagnostics for "file:///tmp/nsharp-ide-verify/examples/12-multi-file-projects/WeatherDemo/Models/WeatherForecast.nl" (98dae7bf)
2026-09-02T11:27:08.7061760-05:00  [INF] Published 1 diagnostics for "file:///tmp/nsharp-ide-verify/examples/12-multi-file-projects/WeatherDemo/Program.nl" (98dae7bf)
2026-09-02T11:27:08.7062240-05:00  [INF] Published 0 diagnostics for "file:///tmp/nsharp-ide-verify/examples/12-multi-file-projects/WeatherDemo/Services/WeatherService.nl" (98dae7bf)
2026-09-02T11:27:08.8075530-05:00  [INF] File watcher event: Changed "/tmp/nsharp-ide-verify/examples/12-multi-file-projects/WeatherDemo/Program.nl" (2a46ac63)
2026-09-02T11:27:08.8076240-05:00  [INF] File watcher event: Changed "/tmp/nsharp-ide-verify/examples/12-multi-file-projects/WeatherDemo/Program.nl" (2a46ac63)
2026-09-02T11:27:09.8081090-05:00  [INF] Code action requested for "file:///tmp/nsharp-ide-verify/examples/12-multi-file-projects/WeatherDemo/Program.nl" at "[start: (20, 27), end: (20, 27)]" (cf91c2c6)
2026-09-02T11:27:09.8082090-05:00  [INF] Found 0 diagnostics at location (bad383c2)
2026-09-02T11:27:09.8082550-05:00  [INF] No code actions available (565d08ea)
2026-09-02T11:27:48.7748090-05:00  [INF] Updating document: "file:///tmp/nsharp-ide-verify/examples/12-multi-file-projects/WeatherDemo/Program.nl" (version 12) (c053146b)
2026-09-02T11:27:48.7815930-05:00  [INF] Document updated successfully with 0 diagnostics (0 parse errors) (e67c2ea2)
2026-09-02T11:27:48.8608680-05:00  [INF] Published 0 diagnostics for "file:///tmp/nsharp-ide-verify/examples/12-multi-file-projects/WeatherDemo/Highlighting.nl" (98dae7bf)
2026-09-02T11:27:48.8610070-05:00  [INF] Published 0 diagnostics for "file:///tmp/nsharp-ide-verify/examples/12-multi-file-projects/WeatherDemo/Models/WeatherForecast.nl" (98dae7bf)
2026-09-02T11:27:48.8610590-05:00  [INF] Published 0 diagnostics for "file:///tmp/nsharp-ide-verify/examples/12-multi-file-projects/WeatherDemo/Program.nl" (98dae7bf)
2026-09-02T11:27:48.8610940-05:00  [INF] Published 0 diagnostics for "file:///tmp/nsharp-ide-verify/examples/12-multi-file-projects/WeatherDemo/Services/WeatherService.nl" (98dae7bf)
2026-09-02T11:27:48.9666750-05:00  [INF] File watcher event: Changed "/tmp/nsharp-ide-verify/examples/12-multi-file-projects/WeatherDemo/Program.nl" (2a46ac63)
2026-09-02T11:27:48.9667380-05:00  [INF] File watcher event: Changed "/tmp/nsharp-ide-verify/examples/12-multi-file-projects/WeatherDemo/Program.nl" (2a46ac63)
2026-09-02T11:27:50.0602120-05:00  [INF] Code action requested for "file:///tmp/nsharp-ide-verify/examples/12-multi-file-projects/WeatherDemo/Program.nl" at "[start: (6, 27), end: (6, 27)]" (cf91c2c6)
2026-09-02T11:27:50.0602580-05:00  [INF] Found 0 diagnostics at location (bad383c2)
2026-09-02T11:27:50.0602670-05:00  [INF] No code actions available (565d08ea)
2026-09-02T11:28:09.0993990-05:00  [INF] Code action requested for "file:///tmp/nsharp-ide-verify/examples/12-multi-file-projects/WeatherDemo/Services/WeatherService.nl" at "[start: (0, 0), end: (0, 0)]" (cf91c2c6)
2026-09-02T11:28:09.0994450-05:00  [INF] Found 0 diagnostics at location (bad383c2)
2026-09-02T11:28:09.0994540-05:00  [INF] No code actions available (565d08ea)
2026-09-02T11:28:09.1959030-05:00  [INF] Code action requested for "file:///tmp/nsharp-ide-verify/examples/12-multi-file-projects/WeatherDemo/Services/WeatherService.nl" at "[start: (9, 6), end: (9, 6)]" (cf91c2c6)
2026-09-02T11:28:09.1959730-05:00  [INF] Found 0 diagnostics at location (bad383c2)
2026-09-02T11:28:09.1959810-05:00  [INF] No code actions available (565d08ea)
2026-09-02T11:28:09.3643190-05:00  [INF] Code action requested for "file:///tmp/nsharp-ide-verify/examples/12-multi-file-projects/WeatherDemo/Services/WeatherService.nl" at "[start: (9, 6), end: (9, 6)]" (cf91c2c6)
2026-09-02T11:28:09.3643530-05:00  [INF] Found 0 diagnostics at location (bad383c2)
2026-09-02T11:28:09.3643610-05:00  [INF] No code actions available (565d08ea)
2026-09-02T11:28:28.3726820-05:00  [INF] Code action requested for "file:///tmp/nsharp-ide-verify/examples/12-multi-file-projects/WeatherDemo/Services/WeatherService.nl" at "[start: (15, 11), end: (15, 11)]" (cf91c2c6)
2026-09-02T11:28:28.3727290-05:00  [INF] Found 0 diagnostics at location (bad383c2)
2026-09-02T11:28:28.3727360-05:00  [INF] No code actions available (565d08ea)
2026-09-02T11:28:35.4644090-05:00  [INF] Code action requested for "file:///tmp/nsharp-ide-verify/examples/12-multi-file-projects/WeatherDemo/Services/WeatherService.nl" at "[start: (0, 0), end: (0, 0)]" (cf91c2c6)
2026-09-02T11:28:35.4644620-05:00  [INF] Found 0 diagnostics at location (bad383c2)
2026-09-02T11:28:35.4644710-05:00  [INF] No code actions available (565d08ea)
2026-09-02T11:28:35.5580180-05:00  [INF] Code action requested for "file:///tmp/nsharp-ide-verify/examples/12-multi-file-projects/WeatherDemo/Services/WeatherService.nl" at "[start: (15, 9), end: (15, 9)]" (cf91c2c6)
2026-09-02T11:28:35.5580850-05:00  [INF] Found 0 diagnostics at location (bad383c2)
2026-09-02T11:28:35.5580940-05:00  [INF] No code actions available (565d08ea)
2026-09-02T11:28:35.7015850-05:00  [INF] Code action requested for "file:///tmp/nsharp-ide-verify/examples/12-multi-file-projects/WeatherDemo/Services/WeatherService.nl" at "[start: (15, 9), end: (15, 9)]" (cf91c2c6)
2026-09-02T11:28:35.7016340-05:00  [INF] Found 0 diagnostics at location (bad383c2)
2026-09-02T11:28:35.7016450-05:00  [INF] No code actions available (565d08ea)
2026-09-02T11:29:09.5039140-05:00  [INF] Updating document: "file:///tmp/nsharp-ide-verify/examples/12-multi-file-projects/WeatherDemo/Program.nl" (version 13) (c053146b)
2026-09-02T11:29:09.5174980-05:00  [INF] Document updated successfully with 0 diagnostics (0 parse errors) (e67c2ea2)
2026-09-02T11:29:09.5808480-05:00  [INF] Published 0 diagnostics for "file:///tmp/nsharp-ide-verify/examples/12-multi-file-projects/WeatherDemo/Highlighting.nl" (98dae7bf)
2026-09-02T11:29:09.5809580-05:00  [INF] Published 0 diagnostics for "file:///tmp/nsharp-ide-verify/examples/12-multi-file-projects/WeatherDemo/Models/WeatherForecast.nl" (98dae7bf)
2026-09-02T11:29:09.5815710-05:00  [INF] Published 1 diagnostics for "file:///tmp/nsharp-ide-verify/examples/12-multi-file-projects/WeatherDemo/Program.nl" (98dae7bf)
2026-09-02T11:29:09.5816660-05:00  [INF] Published 0 diagnostics for "file:///tmp/nsharp-ide-verify/examples/12-multi-file-projects/WeatherDemo/Services/WeatherService.nl" (98dae7bf)
2026-09-02T11:29:09.5823880-05:00  [INF] File watcher event: Changed "/tmp/nsharp-ide-verify/examples/12-multi-file-projects/WeatherDemo/Program.nl" (2a46ac63)
2026-09-02T11:29:09.5824420-05:00  [INF] File watcher event: Changed "/tmp/nsharp-ide-verify/examples/12-multi-file-projects/WeatherDemo/Program.nl" (2a46ac63)
2026-09-02T11:29:10.2418330-05:00  [INF] Code action requested for "file:///tmp/nsharp-ide-verify/examples/12-multi-file-projects/WeatherDemo/Program.nl" at "[start: (0, 0), end: (0, 0)]" (cf91c2c6)
2026-09-02T11:29:10.2418990-05:00  [INF] Found 0 diagnostics at location (bad383c2)
2026-09-02T11:29:10.2419070-05:00  [INF] No code actions available (565d08ea)
2026-09-02T11:29:10.3339710-05:00  [INF] Code action requested for "file:///tmp/nsharp-ide-verify/examples/12-multi-file-projects/WeatherDemo/Program.nl" at "[start: (7, 19), end: (7, 19)]" (cf91c2c6)
2026-09-02T11:29:10.3340560-05:00  [INF] Found 0 diagnostics at location (bad383c2)
2026-09-02T11:29:10.3340630-05:00  [INF] No code actions available (565d08ea)
2026-09-02T11:29:10.5008040-05:00  [INF] Code action requested for "file:///tmp/nsharp-ide-verify/examples/12-multi-file-projects/WeatherDemo/Program.nl" at "[start: (7, 19), end: (7, 19)]" (cf91c2c6)
2026-09-02T11:29:10.5008440-05:00  [INF] Found 0 diagnostics at location (bad383c2)
2026-09-02T11:29:10.5008660-05:00  [INF] No code actions available (565d08ea)
2026-09-02T11:29:56.7195600-05:00  [INF] Code action requested for "file:///tmp/nsharp-ide-verify/examples/12-multi-file-projects/WeatherDemo/Program.nl" at "[start: (7, 15), end: (7, 15)]" (cf91c2c6)
2026-09-02T11:29:56.7197500-05:00  [INF] Found 1 diagnostics at location (bad383c2)
2026-09-02T11:29:56.7212360-05:00  [INF] Found 1 fixes for diagnostic "NL002" (06f9f62d)
2026-09-02T11:29:56.7226220-05:00  [INF] Returning 1 code actions (5b5a15ff)
2026-09-02T11:29:56.8686580-05:00  [INF] Code action requested for "file:///tmp/nsharp-ide-verify/examples/12-multi-file-projects/WeatherDemo/Program.nl" at "[start: (7, 15), end: (7, 15)]" (cf91c2c6)
2026-09-02T11:29:56.8687320-05:00  [INF] Found 1 diagnostics at location (bad383c2)
2026-09-02T11:29:56.8687580-05:00  [INF] Found 1 fixes for diagnostic "NL002" (06f9f62d)
2026-09-02T11:29:56.8687930-05:00  [INF] Returning 1 code actions (5b5a15ff)
2026-09-02T11:30:20.2418420-05:00  [INF] Updating document: "file:///tmp/nsharp-ide-verify/examples/12-multi-file-projects/WeatherDemo/Program.nl" (version 14) (c053146b)
2026-09-02T11:30:20.2508870-05:00  [INF] Document updated successfully with 0 diagnostics (0 parse errors) (e67c2ea2)
2026-09-02T11:30:20.3117480-05:00  [INF] Published 0 diagnostics for "file:///tmp/nsharp-ide-verify/examples/12-multi-file-projects/WeatherDemo/Highlighting.nl" (98dae7bf)
2026-09-02T11:30:20.3118860-05:00  [INF] Published 0 diagnostics for "file:///tmp/nsharp-ide-verify/examples/12-multi-file-projects/WeatherDemo/Models/WeatherForecast.nl" (98dae7bf)
2026-09-02T11:30:20.3119550-05:00  [INF] Published 0 diagnostics for "file:///tmp/nsharp-ide-verify/examples/12-multi-file-projects/WeatherDemo/Program.nl" (98dae7bf)
2026-09-02T11:30:20.3120150-05:00  [INF] Published 0 diagnostics for "file:///tmp/nsharp-ide-verify/examples/12-multi-file-projects/WeatherDemo/Services/WeatherService.nl" (98dae7bf)
2026-09-02T11:30:20.3126350-05:00  [INF] Code action requested for "file:///tmp/nsharp-ide-verify/examples/12-multi-file-projects/WeatherDemo/Program.nl" at "[start: (8, 15), end: (8, 15)]" (cf91c2c6)
2026-09-02T11:30:20.3126710-05:00  [INF] Found 0 diagnostics at location (bad383c2)
2026-09-02T11:30:20.3126780-05:00  [INF] No code actions available (565d08ea)
2026-09-02T11:30:20.3422530-05:00  [INF] Code action requested for "file:///tmp/nsharp-ide-verify/examples/12-multi-file-projects/WeatherDemo/Program.nl" at "[start: (8, 15), end: (8, 15)]" (cf91c2c6)
2026-09-02T11:30:20.3423010-05:00  [INF] Found 0 diagnostics at location (bad383c2)
2026-09-02T11:30:20.3423100-05:00  [INF] No code actions available (565d08ea)
2026-09-02T11:30:20.5672320-05:00  [INF] Code action requested for "file:///tmp/nsharp-ide-verify/examples/12-multi-file-projects/WeatherDemo/Program.nl" at "[start: (8, 15), end: (8, 15)]" (cf91c2c6)
2026-09-02T11:30:20.5672640-05:00  [INF] Found 0 diagnostics at location (bad383c2)
2026-09-02T11:30:20.5672710-05:00  [INF] No code actions available (565d08ea)
2026-09-02T11:30:21.2631170-05:00  [INF] Document saved: "file:///tmp/nsharp-ide-verify/examples/12-multi-file-projects/WeatherDemo/Program.nl" (72dbcfe6)
2026-09-02T11:30:21.3200040-05:00  [INF] Published 0 diagnostics for "file:///tmp/nsharp-ide-verify/examples/12-multi-file-projects/WeatherDemo/Highlighting.nl" (98dae7bf)
2026-09-02T11:30:21.3200660-05:00  [INF] Published 0 diagnostics for "file:///tmp/nsharp-ide-verify/examples/12-multi-file-projects/WeatherDemo/Models/WeatherForecast.nl" (98dae7bf)
2026-09-02T11:30:21.3200950-05:00  [INF] Published 0 diagnostics for "file:///tmp/nsharp-ide-verify/examples/12-multi-file-projects/WeatherDemo/Program.nl" (98dae7bf)
2026-09-02T11:30:21.3201300-05:00  [INF] Published 0 diagnostics for "file:///tmp/nsharp-ide-verify/examples/12-multi-file-projects/WeatherDemo/Services/WeatherService.nl" (98dae7bf)
2026-09-02T11:30:21.6021670-05:00  [INF] File watcher event: Changed "/tmp/nsharp-ide-verify/examples/12-multi-file-projects/WeatherDemo/Program.nl" (2a46ac63)
2026-09-02T11:30:21.6022180-05:00  [INF] File watcher event: Changed "/tmp/nsharp-ide-verify/examples/12-multi-file-projects/WeatherDemo/Program.nl" (2a46ac63)
2026-09-02T11:31:06.7506990-05:00  [INF] Updating document: "file:///tmp/nsharp-ide-verify/examples/12-multi-file-projects/WeatherDemo/Program.nl" (version 15) (c053146b)
2026-09-02T11:31:06.7564570-05:00  [INF] Document updated successfully with 0 diagnostics (0 parse errors) (e67c2ea2)
2026-09-02T11:31:06.8364660-05:00  [INF] Published 0 diagnostics for "file:///tmp/nsharp-ide-verify/examples/12-multi-file-projects/WeatherDemo/Highlighting.nl" (98dae7bf)
2026-09-02T11:31:06.8365670-05:00  [INF] Published 0 diagnostics for "file:///tmp/nsharp-ide-verify/examples/12-multi-file-projects/WeatherDemo/Models/WeatherForecast.nl" (98dae7bf)
2026-09-02T11:31:06.8366140-05:00  [INF] Published 0 diagnostics for "file:///tmp/nsharp-ide-verify/examples/12-multi-file-projects/WeatherDemo/Program.nl" (98dae7bf)
2026-09-02T11:31:06.8366500-05:00  [INF] Published 0 diagnostics for "file:///tmp/nsharp-ide-verify/examples/12-multi-file-projects/WeatherDemo/Services/WeatherService.nl" (98dae7bf)
2026-09-02T11:31:06.9602980-05:00  [INF] File watcher event: Changed "/tmp/nsharp-ide-verify/examples/12-multi-file-projects/WeatherDemo/Program.nl" (2a46ac63)
2026-09-02T11:31:06.9626640-05:00  [INF] File watcher event: Changed "/tmp/nsharp-ide-verify/examples/12-multi-file-projects/WeatherDemo/Program.nl" (2a46ac63)
2026-09-02T11:31:08.6005460-05:00  [INF] Code action requested for "file:///tmp/nsharp-ide-verify/examples/12-multi-file-projects/WeatherDemo/Program.nl" at "[start: (40, 31), end: (40, 31)]" (cf91c2c6)
2026-09-02T11:31:08.6005930-05:00  [INF] Found 0 diagnostics at location (bad383c2)
2026-09-02T11:31:08.6006000-05:00  [INF] No code actions available (565d08ea)
2026-09-02T11:32:33.6301180-05:00  [INF] DocumentManager initialized with shared Analyzer (system assemblies loaded) (36ec1433)
2026-09-02T11:32:34.7795120-05:00  [INF] N# Language Server initialized (bc2de953)
2026-09-02T11:32:34.7808810-05:00  [INF] Client: "Visual Studio Code" "1.134.0" (76fb3e8a)
2026-09-02T11:32:34.8490710-05:00  [INF] Scanning workspace for .nl files: "/tmp/nsharp-ide-verify-sys" (62c60a32)
2026-09-02T11:32:34.8606660-05:00  [INF] Updating document: "file:///tmp/nsharp-ide-verify-sys/Program.nl" (version 0) (c053146b)
2026-09-02T11:32:35.0070830-05:00  [INF] Loading assemblies for new project directory: "/tmp/nsharp-ide-verify-sys" (06d8673e)
2026-09-02T11:32:35.2829940-05:00  [INF] Document updated successfully with 0 diagnostics (0 parse errors) (e67c2ea2)
2026-09-02T11:32:35.2831190-05:00  [INF] Workspace scan loaded 1 .nl files from "/tmp/nsharp-ide-verify-sys" (fe82df23)
2026-09-02T11:32:35.4444820-05:00  [WRN] Tried to send request or notification before initialization was completed and will be sent later OutgoingNotification { Method: "textDocument/publishDiagnostics", Params: PublishDiagnosticsParams { Uri: DocumentUri { Scheme: "file", Authority: "", Path: "/tmp/nsharp-ide-verify-sys/Program.nl", Query: "", Fragment: "" }, Version: null, Diagnostics: [Diagnostic { Range: Range { Start: Position { Line: 14, Character: 15 }, End: Position { Line: 14, Character: 16 } }, Severity: Error, Code: DiagnosticCode { IsLong: False, Long: 0, IsString: True, String: "NSYS010" }, CodeDescription: null, Source: "N#", Message: "NSYS010: allocation not allowed in [hot] function

Systems policy '[hot]' rejected the 'allocation' effect.

effect path: RecordError

help: Move allocation behind a [boundary], return caller-provided storage, or use a narrow allow(alloc) only for a cold path.

docs: https://docs.n-sharp.dev/errors/NSYS010", Tags: null, RelatedInformation: null, Data: null }, Diagnostic { Range: Range { Start: Position { Line: 32, Character: 4 }, End: Position { Line: 32, Character: 13 } }, Severity: Warning, Code: DiagnosticCode { IsLong: False, Long: 0, IsString: True, String: "NSYS050" }, CodeDescription: null, Source: "N#", Message: "NSYS050: unknown external call 'Console.WriteLine' has no systems summary

Systems policy 'systems:strict' rejected the 'unknownExternalCall' effect.

effect path: Main

help: Add a sidecar HotSummary or put the call in a [boundary].

docs: https://docs.n-sharp.dev/errors/NSYS050", Tags: null, RelatedInformation: null, Data: null }, Diagnostic { Range: Range { Start: Position { Line: 14, Character: 4 }, End: Position { Line: 14, Character: 11 } }, Severity: Error, Code: DiagnosticCode { IsLong: False, Long: 0, IsString: True, String: "NL001" }, CodeDescription: null, Source: "N#", Message: "Variable 'scratch' is declared but never read", Tags: null, RelatedInformation: null, Data: null }] }, TraceParent: null, TraceState: null } (829f99bc)
2026-09-02T11:32:35.4453960-05:00  [INF] Published workspace diagnostics for 1 files (2e239605)
2026-09-02T11:32:35.7853390-05:00  [WRN] No ConfigurationItems have been defined, configuration won't surface any configuration from the client! (60a934b9)
2026-09-02T11:32:35.8924480-05:00  [INF] Document opened: "file:///tmp/nsharp-ide-verify-sys/Program.nl" (ec704f34)
2026-09-02T11:32:35.8926660-05:00  [INF] Updating document: "file:///tmp/nsharp-ide-verify-sys/Program.nl" (version 1) (c053146b)
2026-09-02T11:32:35.9026630-05:00  [INF] Document updated successfully with 0 diagnostics (0 parse errors) (e67c2ea2)
2026-09-02T11:32:35.9555140-05:00  [INF] Published 3 diagnostics for "file:///tmp/nsharp-ide-verify-sys/Program.nl" (98dae7bf)
2026-09-02T11:32:36.0415010-05:00  [INF] Code action requested for "file:///tmp/nsharp-ide-verify-sys/Program.nl" at "[start: (14, 4), end: (14, 4)]" (cf91c2c6)
2026-09-02T11:32:36.0421920-05:00  [INF] Found 1 diagnostics at location (bad383c2)
2026-09-02T11:32:36.0462890-05:00  [INF] Found 0 fixes for diagnostic "NL001" (06f9f62d)
2026-09-02T11:32:36.0463910-05:00  [INF] No code actions available (565d08ea)
2026-09-02T11:32:36.2183450-05:00  [INF] Code action requested for "file:///tmp/nsharp-ide-verify-sys/Program.nl" at "[start: (14, 4), end: (14, 4)]" (cf91c2c6)
2026-09-02T11:32:36.2184470-05:00  [INF] Found 1 diagnostics at location (bad383c2)
2026-09-02T11:32:36.2184780-05:00  [INF] Found 0 fixes for diagnostic "NL001" (06f9f62d)
2026-09-02T11:32:36.2184910-05:00  [INF] No code actions available (565d08ea)
2026-09-02T11:33:03.2912170-05:00  [INF] Code action requested for "file:///tmp/nsharp-ide-verify-sys/Program.nl" at "[start: (14, 4), end: (14, 11)]" (cf91c2c6)
2026-09-02T11:33:03.2915020-05:00  [INF] Found 1 diagnostics at location (bad383c2)
2026-09-02T11:33:03.2915670-05:00  [INF] Found 0 fixes for diagnostic "NL001" (06f9f62d)
2026-09-02T11:33:03.2916000-05:00  [INF] No code actions available (565d08ea)
2026-09-02T11:33:04.7079390-05:00  [INF] Code action requested for "file:///tmp/nsharp-ide-verify-sys/Program.nl" at "[start: (14, 15), end: (14, 16)]" (cf91c2c6)
2026-09-02T11:33:04.7081040-05:00  [INF] Found 1 diagnostics at location (bad383c2)
2026-09-02T11:33:04.7081680-05:00  [INF] No code actions available (565d08ea)
2026-09-02T11:33:57.7008290-05:00  [INF] Document opened: "file:///tmp/nsharp-ide-verify/examples/12-multi-file-projects/WeatherDemo/Highlighting.nl" (ec704f34)
2026-09-02T11:33:57.7009980-05:00  [INF] Updating document: "file:///tmp/nsharp-ide-verify/examples/12-multi-file-projects/WeatherDemo/Highlighting.nl" (version 1) (c053146b)
2026-09-02T11:33:57.7193980-05:00  [INF] Loading assemblies for new project directory: "/tmp/nsharp-ide-verify/examples/12-multi-file-projects/WeatherDemo" (06d8673e)
2026-09-02T11:33:57.8598760-05:00  [INF] Document updated successfully with 0 diagnostics (0 parse errors) (e67c2ea2)
2026-09-02T11:33:58.2673260-05:00  [INF] Published 0 diagnostics for "file:///tmp/nsharp-ide-verify/examples/12-multi-file-projects/WeatherDemo/Highlighting.nl" (98dae7bf)
2026-09-02T11:33:58.2694240-05:00  [INF] Code action requested for "file:///tmp/nsharp-ide-verify/examples/12-multi-file-projects/WeatherDemo/Highlighting.nl" at "[start: (0, 0), end: (0, 0)]" (cf91c2c6)
2026-09-02T11:33:58.2694980-05:00  [INF] Found 0 diagnostics at location (bad383c2)
2026-09-02T11:33:58.2695160-05:00  [INF] No code actions available (565d08ea)
2026-09-02T11:33:58.3023960-05:00  [INF] Code action requested for "file:///tmp/nsharp-ide-verify/examples/12-multi-file-projects/WeatherDemo/Highlighting.nl" at "[start: (0, 0), end: (0, 0)]" (cf91c2c6)
2026-09-02T11:33:58.3027360-05:00  [INF] Found 0 diagnostics at location (bad383c2)
2026-09-02T11:33:58.3027970-05:00  [INF] No code actions available (565d08ea)
